Component: ARM Compiler 5.05 update 1 (build 106) Tool: armlink [4d0efa]

==============================================================================

Section Cross References

    main.o(.text) refers to _printf_percent.o(.ARM.Collect$$_printf_percent$$00000000) for _printf_percent
    main.o(.text) refers to _printf_d.o(.ARM.Collect$$_printf_percent$$00000009) for _printf_d
    main.o(.text) refers to _printf_dec.o(.text) for _printf_int_dec
    main.o(.text) refers to ili93xx.o(.text) for LCD_ShowString
    main.o(.text) refers to cpu_a.o(.text) for CPU_SR_Save
    main.o(.text) refers to malloc.o(.text) for mymalloc
    main.o(.text) refers to noretval__2sprintf.o(.text) for __2sprintf
    main.o(.text) refers to os_core.o(.text) for OS_Sched0
    main.o(.text) refers to os_q.o(.text) for OSQPend
    main.o(.text) refers to os_time.o(.text) for OSTimeDlyHMSM
    main.o(.text) refers to noretval__2printf.o(.text) for __2printf
    main.o(.text) refers to os_tmr.o(.text) for OSTmrStart
    main.o(.text) refers to key.o(.text) for KEY_Scan
    main.o(.text) refers to cpu_core.o(.text) for CPU_Init
    main.o(.text) refers to os_stat.o(.text) for OSStatTaskCPUUsageInit
    main.o(.text) refers to os_task.o(.text) for OSTaskCreate
    main.o(.text) refers to ili93xx.o(.data) for POINT_COLOR
    main.o(.text) refers to os_var.o(.data) for OSSchedLockNestingCtr
    main.o(.text) refers to main.o(.bss) for .bss
    main.o(.text) refers to os_var.o(.data) for OSIntQNbrEntries
    main.o(.text) refers to main.o(.data) for .data
    main.o(.text) refers to delay.o(.text) for delay_init
    main.o(.text) refers to misc.o(.text) for NVIC_PriorityGroupConfig
    main.o(.text) refers to usart.o(.text) for uart_init
    main.o(.text) refers to led.o(.text) for LED_Init
    main.o(.text) refers to beep.o(.text) for BEEP_Init
    main.o(.text) refers to sram.o(.text) for FSMC_SRAM_Init
    system_stm32f10x.o(.text) refers to system_stm32f10x.o(.data) for .data
    led.o(.text) refers to stm32f10x_rcc.o(.text) for RCC_APB2PeriphClockCmd
    led.o(.text) refers to stm32f10x_gpio.o(.text) for GPIO_Init
    ili93xx.o(.text) refers to _printf_percent.o(.ARM.Collect$$_printf_percent$$00000000) for _printf_percent
    ili93xx.o(.text) refers to _printf_x.o(.ARM.Collect$$_printf_percent$$0000000C) for _printf_x
    ili93xx.o(.text) refers to _printf_hex_int.o(.text) for _printf_longlong_hex
    ili93xx.o(.text) refers to delay.o(.text) for delay_us
    ili93xx.o(.text) refers to ili93xx.o(.bss) for .bss
    ili93xx.o(.text) refers to dflt_clz.o(x$fpl$dfltu) for __aeabi_ui2d
    ili93xx.o(.text) refers to dmul.o(x$fpl$dmul) for __aeabi_dmul
    ili93xx.o(.text) refers to dfixu.o(x$fpl$dfixu) for __aeabi_d2uiz
    ili93xx.o(.text) refers to ili93xx.o(.data) for .data
    ili93xx.o(.text) refers to noretval__2printf.o(.text) for __2printf
    ili93xx.o(.text) refers to ili93xx.o(.constdata) for .constdata
    key.o(.text) refers to stm32f10x_rcc.o(.text) for RCC_APB2PeriphClockCmd
    key.o(.text) refers to stm32f10x_gpio.o(.text) for GPIO_Init
    key.o(.text) refers to delay.o(.text) for delay_ms
    key.o(.text) refers to key.o(.data) for .data
    beep.o(.text) refers to stm32f10x_rcc.o(.text) for RCC_APB2PeriphClockCmd
    beep.o(.text) refers to stm32f10x_gpio.o(.text) for GPIO_Init
    delay.o(.text) refers to os_core.o(.text) for OSSchedLock
    delay.o(.text) refers to os_time.o(.text) for OSTimeDly
    delay.o(.text) refers to misc.o(.text) for SysTick_CLKSourceConfig
    delay.o(.text) refers to os_var.o(.data) for OSRunning
    delay.o(.text) refers to system_stm32f10x.o(.data) for SystemCoreClock
    delay.o(.text) refers to delay.o(.data) for .data
    delay.o(.text) refers to os_cfg_app.o(.constdata) for OSCfg_TickRate_Hz
    delay.o(.text) refers to os_var.o(.data) for OSIntNestingCtr
    usart.o(.text) refers (Special) to use_no_semi_2.o(.text) for __use_no_semihosting
    usart.o(.text) refers to stm32f10x_rcc.o(.text) for RCC_APB2PeriphClockCmd
    usart.o(.text) refers to stm32f10x_usart.o(.text) for USART_DeInit
    usart.o(.text) refers to stm32f10x_gpio.o(.text) for GPIO_Init
    usart.o(.text) refers to misc.o(.text) for NVIC_Init
    usart.o(.text) refers to os_core.o(.text) for OSIntEnter
    usart.o(.text) refers to usart.o(.data) for .data
    usart.o(.text) refers to usart.o(.bss) for .bss
    usart.o(.bss) refers (Special) to use_no_semi_2.o(.text) for __use_no_semihosting
    usart.o(.data) refers (Special) to use_no_semi_2.o(.text) for __use_no_semihosting
    usart.o(.data) refers (Special) to use_no_semi_2.o(.text) for __use_no_semihosting
    startup_stm32f10x_hd.o(STACK) refers (Special) to heapauxi.o(.text) for __use_two_region_memory
    startup_stm32f10x_hd.o(HEAP) refers (Special) to heapauxi.o(.text) for __use_two_region_memory
    startup_stm32f10x_hd.o(RESET) refers (Special) to heapauxi.o(.text) for __use_two_region_memory
[...]
    main                                     0x080007bb   Thumb Code   170  main.o(.text)
    NMI_Handler                              0x080008a1   Thumb Code     2  stm32f10x_it.o(.text)
    HardFault_Handler                        0x080008a3   Thumb Code     2  stm32f10x_it.o(.text)
    MemManage_Handler                        0x080008a5   Thumb Code     2  stm32f10x_it.o(.text)
    BusFault_Handler                         0x080008a7   Thumb Code     2  stm32f10x_it.o(.text)
    UsageFault_Handler                       0x080008a9   Thumb Code     2  stm32f10x_it.o(.text)
    SVC_Handler                              0x080008ab   Thumb Code     2  stm32f10x_it.o(.text)
    DebugMon_Handler                         0x080008ad   Thumb Code     2  stm32f10x_it.o(.text)
    SystemInit                               0x08000951   Thumb Code    64  system_stm32f10x.o(.text)
    SystemCoreClockUpdate                    0x08000991   Thumb Code    86  system_stm32f10x.o(.text)
    LED_Init                                 0x08000a09   Thumb Code    72  led.o(.text)
    LCD_WR_REG                               0x08000a59   Thumb Code    20  ili93xx.o(.text)
    LCD_WR_DATA                              0x08000a6d   Thumb Code    22  ili93xx.o(.text)
    LCD_RD_DATA                              0x08000a83   Thumb Code    18  ili93xx.o(.text)
    LCD_WriteReg                             0x08000a95   Thumb Code    20  ili93xx.o(.text)
    LCD_ReadReg                              0x08000aa9   Thumb Code    22  ili93xx.o(.text)
    LCD_WriteRAM_Prepare                     0x08000abf   Thumb Code    10  ili93xx.o(.text)
    LCD_WriteRAM                             0x08000ac9   Thumb Code     8  ili93xx.o(.text)
    LCD_BGR2RGB                              0x08000ad1   Thumb Code    18  ili93xx.o(.text)
    opt_delay                                0x08000ae3   Thumb Code     8  ili93xx.o(.text)
    LCD_SetCursor                            0x08000aeb   Thumb Code   320  ili93xx.o(.text)
    LCD_ReadPoint                            0x08000c2b   Thumb Code   292  ili93xx.o(.text)
    LCD_DisplayOn                            0x08000d4f   Thumb Code    62  ili93xx.o(.text)
    LCD_DisplayOff                           0x08000d8d   Thumb Code    60  ili93xx.o(.text)
    LCD_Scan_Dir                             0x08000dc9   Thumb Code   518  ili93xx.o(.text)
    LCD_DrawPoint                            0x08000fcf   Thumb Code    20  ili93xx.o(.text)
    LCD_Fast_DrawPoint                       0x08000fe3   Thumb Code   266  ili93xx.o(.text)
    LCD_SSD_BackLightSet                     0x080010ed   Thumb Code    68  ili93xx.o(.text)
    LCD_Display_Dir                          0x08001131   Thumb Code   302  ili93xx.o(.text)
    LCD_Set_Window                           0x0800125f   Thumb Code   492  ili93xx.o(.text)
    LCD_Clear                                0x0800144b   Thumb Code   100  ili93xx.o(.text)
    LCD_Init                                 0x080014af   Thumb Code 13698  ili93xx.o(.text)
    LCD_Fill                                 0x08004a31   Thumb Code   132  ili93xx.o(.text)
    LCD_Color_Fill                           0x08004ab5   Thumb Code    84  ili93xx.o(.text)
    LCD_DrawLine                             0x08004b09   Thumb Code   150  ili93xx.o(.text)
    LCD_DrawRectangle                        0x08004b9f   Thumb Code    54  ili93xx.o(.text)
    LCD_Draw_Circle                          0x08004bd5   Thumb Code   176  ili93xx.o(.text)
    LCD_ShowChar                             0x08004c85   Thumb Code   182  ili93xx.o(.text)
    LCD_Pow                                  0x08004d3b   Thumb Code    16  ili93xx.o(.text)
    LCD_ShowNum                              0x08004d4b   Thumb Code   118  ili93xx.o(.text)
    LCD_ShowxNum                             0x08004dc1   Thumb Code   158  ili93xx.o(.text)
    LCD_ShowString                           0x08004e5f   Thumb Code    82  ili93xx.o(.text)
    KEY_Init                                 0x08004eb1   Thumb Code    72  key.o(.text)
    KEY_Scan                                 0x08004ef9   Thumb Code   198  key.o(.text)
    FSMC_SRAM_Init                           0x08004fd1   Thumb Code   236  sram.o(.text)
    FSMC_SRAM_WriteBuffer                    0x080050bd   Thumb Code    24  sram.o(.text)
    FSMC_SRAM_ReadBuffer                     0x080050d5   Thumb Code    22  sram.o(.text)
    fsmc_sram_test_write                     0x080050eb   Thumb Code    14  sram.o(.text)
    fsmc_sram_test_read                      0x080050f9   Thumb Code    18  sram.o(.text)
    BEEP_Init                                0x08005131   Thumb Code    50  beep.o(.text)
    delay_osschedlock                        0x08005169   Thumb Code    10  delay.o(.text)
    delay_osschedunlock                      0x08005173   Thumb Code    10  delay.o(.text)
    delay_ostimedly                          0x0800517d   Thumb Code    12  delay.o(.text)
    SysTick_Handler                          0x08005189   Thumb Code    28  delay.o(.text)
    delay_init                               0x080051a5   Thumb Code    76  delay.o(.text)
    delay_us                                 0x080051f1   Thumb Code    62  delay.o(.text)
    delay_ms                                 0x0800522f   Thumb Code    54  delay.o(.text)
    _sys_exit                                0x08005281   Thumb Code     2  usart.o(.text)
    fputc                                    0x08005283   Thumb Code    18  usart.o(.text)
    uart_init                                0x08005295   Thumb Code   156  usart.o(.text)
    USART1_IRQHandler                        0x08005331   Thumb Code    94  usart.o(.text)
    Reset_Handler                            0x080053a1   Thumb Code     8  startup_stm32f10x_hd.o(.text)
    ADC1_2_IRQHandler                        0x080053bb   Thumb Code     0  startup_stm32f10x_hd.o(.text)
    ADC3_IRQHandler                          0x080053bb   Thumb Code     0  startup_stm32f10x_hd.o(.text)
    CAN1_RX1_IRQHandler                      0x080053bb   Thumb Code     0  startup_stm32f10x_hd.o(.text)
    CAN1_SCE_IRQHandler                      0x080053bb   Thumb Code     0  startup_stm32f10x_hd.o(.text)
    DMA1_Channel1_IRQHandler                 0x080053bb   Thumb Code     0  startup_stm32f10x_hd.o(.text)
    DMA1_Channel2_IRQHandler                 0x080053bb   Thumb Code     0  startup_stm32f10x_hd.o(.text)
    DMA1_Channel3_IRQHandler                 0x080053bb   Thumb Code     0  startup_stm32f10x_hd.o(.text)
    DMA1_Channel4_IRQHandler                 0x080053bb   Thumb Code     0  startup_stm32f10x_hd.o(.text)
    DMA1_Channel5_IRQHandler                 0x080053bb   Thumb Code     0  startup_stm32f10x_hd.o(.text)
    DMA1_Channel6_IRQHandler                 0x080053bb   Thumb Code     0  startup_stm32f10x_hd.o(.text)
    DMA1_Channel7_IRQHandler                 0x080053bb   Thumb Code     0  startup_stm32f10x_hd.o(.text)
    DMA2_Channel1_IRQHandler                 0x080053bb   Thumb Code     0  startup_stm32f10x_hd.o(.text)
    DMA2_Channel2_IRQHandler                 0x080053bb   Thumb Code     0  startup_stm32f10x_hd.o(.text)
    DMA2_Channel3_IRQHandler                 0x080053bb   Thumb Code     0  startup_stm32f10x_hd.o(.text)
    DMA2_Channel4_5_IRQHandler               0x080053bb   Thumb Code     0  startup_stm32f10x_hd.o(.text)
    EXTI0_IRQHandler                         0x080053bb   Thumb Code     0  startup_stm32f10x_hd.o(.text)
    EXTI15_10_IRQHandler                     0x080053bb   Thumb Code     0  startup_stm32f10x_hd.o(.text)
    EXTI1_IRQHandler                         0x080053bb   Thumb Code     0  startup_stm32f10x_hd.o(.text)
    EXTI2_IRQHandler                         0x080053bb   Thumb Code     0  startup_stm32f10x_hd.o(.text)
    EXTI3_IRQHandler                         0x080053bb   Thumb Code     0  startup_stm32f10x_hd.o(.text)
    EXTI4_IRQHandler                         0x080053bb   Thumb Code     0  startup_stm32f10x_hd.o(.text)
    EXTI9_5_IRQHandler                       0x080053bb   Thumb Code     0  startup_stm32f10x_hd.o(.text)
    FLASH_IRQHandler                         0x080053bb   Thumb Code     0  startup_stm32f10x_hd.o(.text)
    FSMC_IRQHandler                          0x080053bb   Thumb Code     0  startup_stm32f10x_hd.o(.text)
    I2C1_ER_IRQHandler                       0x080053bb   Thumb Code     0  startup_stm32f10x_hd.o(.text)
    I2C1_EV_IRQHandler                       0x080053bb   Thumb Code     0  startup_stm32f10x_hd.o(.text)
    I2C2_ER_IRQHandler                       0x080053bb   Thumb Code     0  startup_stm32f10x_hd.o(.text)
    I2C2_EV_IRQHandler                       0x080053bb   Thumb Code     0  startup_stm32f10x_hd.o(.text)
    PVD_IRQHandler                           0x080053bb   Thumb Code     0  startup_stm32f10x_hd.o(.text)
    RCC_IRQHandler                           0x080053bb   Thumb Code     0  startup_stm32f10x_hd.o(.text)
    RTCAlarm_IRQHandler                      0x080053bb   Thumb Code     0  startup_stm32f10x_hd.o(.text)
    RTC_IRQHandler                           0x080053bb   Thumb Code     0  startup_stm32f10x_hd.o(.text)
    SDIO_IRQHandler                          0x080053bb   Thumb Code     0  startup_stm32f10x_hd.o(.text)
    SPI1_IRQHandler                          0x080053bb   Thumb Code     0  startup_stm32f10x_hd.o(.text)
    SPI2_IRQHandler                          0x080053bb   Thumb Code     0  startup_stm32f10x_hd.o(.text)
    SPI3_IRQHandler                          0x080053bb   Thumb Code     0  startup_stm32f10x_hd.o(.text)
    TAMPER_IRQHandler                        0x080053bb   Thumb Code     0  startup_stm32f10x_hd.o(.text)
    TIM1_BRK_IRQHandler                      0x080053bb   Thumb Code     0  startup_stm32f10x_hd.o(.text)
    TIM1_CC_IRQHandler                       0x080053bb   Thumb Code     0  startup_stm32f10x_hd.o(.text)
    TIM1_TRG_COM_IRQHandler                  0x080053bb   Thumb Code     0  startup_stm32f10x_hd.o(.text)
    TIM1_UP_IRQHandler                       0x080053bb   Thumb Code     0  startup_stm32f10x_hd.o(.text)
    TIM2_IRQHandler                          0x080053bb   Thumb Code     0  startup_stm32f10x_hd.o(.text)
    TIM3_IRQHandler                          0x080053bb   Thumb Code     0  startup_stm32f10x_hd.o(.text)
    TIM4_IRQHandler                          0x080053bb   Thumb Code     0  startup_stm32f10x_hd.o(.text)
    TIM5_IRQHandler                          0x080053bb   Thumb Code     0  startup_stm32f10x_hd.o(.text)
    TIM6_IRQHandler                          0x080053bb   Thumb Code     0  startup_stm32f10x_hd.o(.text)
    TIM7_IRQHandler                          0x080053bb   Thumb Code     0  startup_stm32f10x_hd.o(.text)
    TIM8_BRK_IRQHandler                      0x080053bb   Thumb Code     0  startup_stm32f10x_hd.o(.text)
    TIM8_CC_IRQHandler                       0x080053bb   Thumb Code     0  startup_stm32f10x_hd.o(.text)
    TIM8_TRG_COM_IRQHandler                  0x080053bb   Thumb Code     0  startup_stm32f10x_hd.o(.text)
    TIM8_UP_IRQHandler                       0x080053bb   Thumb Code     0  startup_stm32f10x_hd.o(.text)
    UART4_IRQHandler                         0x080053bb   Thumb Code     0  startup_stm32f10x_hd.o(.text)
    UART5_IRQHandler                         0x080053bb   Thumb Code     0  startup_stm32f10x_hd.o(.text)
    USART2_IRQHandler                        0x080053bb   Thumb Code     0  startup_stm32f10x_hd.o(.text)
    USART3_IRQHandler                        0x080053bb   Thumb Code     0  startup_stm32f10x_hd.o(.text)
    USBWakeUp_IRQHandler                     0x080053bb   Thumb Code     0  startup_stm32f10x_hd.o(.text)
    USB_HP_CAN1_TX_IRQHandler                0x080053bb   Thumb Code     0  startup_stm32f10x_hd.o(.text)
    USB_LP_CAN1_RX0_IRQHandler               0x080053bb   Thumb Code     0  startup_stm32f10x_hd.o(.text)
    WWDG_IRQHandler                          0x080053bb   Thumb Code     0  startup_stm32f10x_hd.o(.text)
    __user_initial_stackheap                 0x080053bd   Thumb Code     0  startup_stm32f10x_hd.o(.text)
    NVIC_PriorityGroupConfig                 0x080053e1   Thumb Code    10  misc.o(.text)
    NVIC_Init                                0x080053eb   Thumb Code    94  misc.o(.text)
    NVIC_SetVectorTable                      0x08005449   Thumb Code    14  misc.o(.text)
    NVIC_SystemLPConfig                      0x08005457   Thumb Code    20  misc.o(.text)
    SysTick_CLKSourceConfig                  0x0800546b   Thumb Code    24  misc.o(.text)
    GPIO_DeInit                              0x08005491   Thumb Code   152  stm32f10x_gpio.o(.text)
    GPIO_AFIODeInit                          0x08005529   Thumb Code    22  stm32f10x_gpio.o(.text)
    GPIO_Init                                0x0800553f   Thumb Code   156  stm32f10x_gpio.o(.text)
    GPIO_StructInit                          0x080055db   Thumb Code    16  stm32f10x_gpio.o(.text)
    GPIO_ReadInputDataBit                    0x080055eb   Thumb Code    14  stm32f10x_gpio.o(.text)
    GPIO_ReadInputData                       0x080055f9   Thumb Code     6  stm32f10x_gpio.o(.text)
    GPIO_ReadOutputDataBit                   0x080055ff   Thumb Code    14  stm32f10x_gpio.o(.text)
    GPIO_ReadOutputData                      0x0800560d   Thumb Code     6  stm32f10x_gpio.o(.text)
    GPIO_SetBits                             0x08005613   Thumb Code     4  stm32f10x_gpio.o(.text)
    GPIO_ResetBits                           0x08005617   Thumb Code     4  stm32f10x_gpio.o(.text)
    GPIO_WriteBit                            0x0800561b   Thumb Code    10  stm32f10x_gpio.o(.text)
    GPIO_Write                               0x08005625   Thumb Code     4  stm32f10x_gpio.o(.text)
    GPIO_PinLockConfig                       0x08005629   Thumb Code    16  stm32f10x_gpio.o(.text)
    GPIO_EventOutputConfig                   0x08005639   Thumb Code    22  stm32f10x_gpio.o(.text)
    GPIO_EventOutputCmd                      0x0800564f   Thumb Code     6  stm32f10x_gpio.o(.text)
    GPIO_PinRemapConfig                      0x08005655   Thumb Code    82  stm32f10x_gpio.o(.text)
    GPIO_EXTILineConfig                      0x080056a7   Thumb Code    34  stm32f10x_gpio.o(.text)
    GPIO_ETH_MediaInterfaceConfig            0x080056c9   Thumb Code     8  stm32f10x_gpio.o(.text)
    USART_DeInit                             0x080056f5   Thumb Code    96  stm32f10x_usart.o(.text)
    USART_Init                               0x08005755   Thumb Code   166  stm32f10x_usart.o(.text)
    USART_StructInit                         0x080057fb   Thumb Code    22  stm32f10x_usart.o(.text)
    USART_ClockInit                          0x08005811   Thumb Code    30  stm32f10x_usart.o(.text)
    USART_ClockStructInit                    0x0800582f   Thumb Code    12  stm32f10x_usart.o(.text)
    USART_Cmd                                0x0800583b   Thumb Code    20  stm32f10x_usart.o(.text)
    USART_ITConfig                           0x0800584f   Thumb Code    48  stm32f10x_usart.o(.text)
    USART_DMACmd                             0x0800587f   Thumb Code    16  stm32f10x_usart.o(.text)
    USART_SetAddress                         0x0800588f   Thumb Code    16  stm32f10x_usart.o(.text)
    USART_WakeUpConfig                       0x0800589f   Thumb Code    16  stm32f10x_usart.o(.text)
    USART_ReceiverWakeUpCmd                  0x080058af   Thumb Code    20  stm32f10x_usart.o(.text)
    USART_LINBreakDetectLengthConfig         0x080058c3   Thumb Code    16  stm32f10x_usart.o(.text)
    USART_LINCmd                             0x080058d3   Thumb Code    20  stm32f10x_usart.o(.text)
    USART_SendData                           0x080058e7   Thumb Code     8  stm32f10x_usart.o(.text)
    USART_ReceiveData                        0x080058ef   Thumb Code     8  stm32f10x_usart.o(.text)
    USART_SendBreak                          0x080058f7   Thumb Code    10  stm32f10x_usart.o(.text)
    USART_SetGuardTime                       0x08005901   Thumb Code    16  stm32f10x_usart.o(.text)
    USART_SetPrescaler                       0x08005911   Thumb Code    16  stm32f10x_usart.o(.text)
    USART_SmartCardCmd                       0x08005921   Thumb Code    20  stm32f10x_usart.o(.text)
    USART_SmartCardNACKCmd                   0x08005935   Thumb Code    20  stm32f10x_usart.o(.text)
    USART_HalfDuplexCmd                      0x08005949   Thumb Code    20  stm32f10x_usart.o(.text)
    USART_OverSampling8Cmd                   0x0800595d   Thumb Code    20  stm32f10x_usart.o(.text)
    USART_OneBitMethodCmd                    0x08005971   Thumb Code    20  stm32f10x_usart.o(.text)
    USART_IrDAConfig                         0x08005985   Thumb Code    16  stm32f10x_usart.o(.text)
    USART_IrDACmd                            0x08005995   Thumb Code    20  stm32f10x_usart.o(.text)
    USART_GetFlagStatus                      0x080059a9   Thumb Code    14  stm32f10x_usart.o(.text)
    USART_ClearFlag                          0x080059b7   Thumb Code     6  stm32f10x_usart.o(.text)
    USART_GetITStatus                        0x080059bd   Thumb Code    62  stm32f10x_usart.o(.text)
    USART_ClearITPendingBit                  0x080059fb   Thumb Code    12  stm32f10x_usart.o(.text)
    RCC_DeInit                               0x08005a1d   Thumb Code    50  stm32f10x_rcc.o(.text)
    RCC_HSEConfig                            0x08005a4f   Thumb Code    48  stm32f10x_rcc.o(.text)
    RCC_GetFlagStatus                        0x08005a7f   Thumb Code    42  stm32f10x_rcc.o(.text)
    RCC_WaitForHSEStartUp                    0x08005aa9   Thumb Code    44  stm32f10x_rcc.o(.text)
    RCC_AdjustHSICalibrationValue            0x08005ad5   Thumb Code    16  stm32f10x_rcc.o(.text)
    RCC_HSICmd                               0x08005ae5   Thumb Code     6  stm32f10x_rcc.o(.text)
    RCC_PLLConfig                            0x08005aeb   Thumb Code    16  stm32f10x_rcc.o(.text)
    RCC_PLLCmd                               0x08005afb   Thumb Code     6  stm32f10x_rcc.o(.text)
    RCC_SYSCLKConfig                         0x08005b01   Thumb Code    14  stm32f10x_rcc.o(.text)
    RCC_GetSYSCLKSource                      0x08005b0f   Thumb Code    10  stm32f10x_rcc.o(.text)
    RCC_HCLKConfig                           0x08005b19   Thumb Code    14  stm32f10x_rcc.o(.text)
    RCC_PCLK1Config                          0x08005b27   Thumb Code    14  stm32f10x_rcc.o(.text)
    RCC_PCLK2Config                          0x08005b35   Thumb Code    16  stm32f10x_rcc.o(.text)
    RCC_ITConfig                             0x08005b45   Thumb Code    18  stm32f10x_rcc.o(.text)
    RCC_USBCLKConfig                         0x08005b57   Thumb Code     8  stm32f10x_rcc.o(.text)
    RCC_ADCCLKConfig                         0x08005b5f   Thumb Code    14  stm32f10x_rcc.o(.text)
    RCC_LSEConfig                            0x08005b6d   Thumb Code    28  stm32f10x_rcc.o(.text)
    RCC_LSICmd                               0x08005b89   Thumb Code     6  stm32f10x_rcc.o(.text)
    RCC_RTCCLKConfig                         0x08005b8f   Thumb Code    10  stm32f10x_rcc.o(.text)
    RCC_RTCCLKCmd                            0x08005b99   Thumb Code     8  stm32f10x_rcc.o(.text)
    RCC_GetClocksFreq                        0x08005ba1   Thumb Code   132  stm32f10x_rcc.o(.text)
    RCC_AHBPeriphClockCmd                    0x08005c25   Thumb Code    18  stm32f10x_rcc.o(.text)
    RCC_APB2PeriphClockCmd                   0x08005c37   Thumb Code    18  stm32f10x_rcc.o(.text)
    RCC_APB1PeriphClockCmd                   0x08005c49   Thumb Code    18  stm32f10x_rcc.o(.text)
    RCC_APB2PeriphResetCmd                   0x08005c5b   Thumb Code    18  stm32f10x_rcc.o(.text)
    RCC_APB1PeriphResetCmd                   0x08005c6d   Thumb Code    18  stm32f10x_rcc.o(.text)
    RCC_BackupResetCmd                       0x08005c7f   Thumb Code     8  stm32f10x_rcc.o(.text)
    RCC_ClockSecuritySystemCmd               0x08005c87   Thumb Code     6  stm32f10x_rcc.o(.text)
    RCC_MCOConfig                            0x08005c8d   Thumb Code     6  stm32f10x_rcc.o(.text)
    RCC_ClearFlag                            0x08005c93   Thumb Code    12  stm32f10x_rcc.o(.text)
    RCC_GetITStatus                          0x08005c9f   Thumb Code    16  stm32f10x_rcc.o(.text)
    RCC_ClearITPendingBit                    0x08005caf   Thumb Code     6  stm32f10x_rcc.o(.text)
    mymemcpy                                 0x08005cd5   Thumb Code    16  malloc.o(.text)
    mymemset                                 0x08005ce5   Thumb Code    12  malloc.o(.text)
    my_mem_init                              0x08005cf1   Thumb Code    50  malloc.o(.text)
    my_mem_perused                           0x08005d23   Thumb Code    48  malloc.o(.text)
    my_mem_malloc                            0x08005d53   Thumb Code   130  malloc.o(.text)
    my_mem_free                              0x08005dd5   Thumb Code    80  malloc.o(.text)
    myfree                                   0x08005e25   Thumb Code    18  malloc.o(.text)
    mymalloc                                 0x08005e37   Thumb Code    28  malloc.o(.text)
    myrealloc                                0x08005e53   Thumb Code    54  malloc.o(.text)
    BSP_CPU_ClkFreq                          0x08005e91   Thumb Code    16  bsp.o(.text)
    CPU_TS_TmrInit                           0x08005ea1   Thumb Code    38  bsp.o(.text)
    CPU_TS_TmrRd                             0x08005ec7   Thumb Code     6  bsp.o(.text)
    CPU_TS32_to_uSec                         0x08005ecd   Thumb Code    32  bsp.o(.text)
    CPU_NameClr                              0x08005ef9   Thumb Code    26  cpu_core.o(.text)
    CPU_Init                                 0x08005f13   Thumb Code    18  cpu_core.o(.text)
    CPU_SW_Exception                         0x08005f25   Thumb Code     2  cpu_core.o(.text)
    CPU_NameGet                              0x08005f27   Thumb Code    46  cpu_core.o(.text)
    CPU_NameSet                              0x08005f55   Thumb Code    62  cpu_core.o(.text)
    CPU_TS_Get32                             0x08005f93   Thumb Code     4  cpu_core.o(.text)
    CPU_TS_Update                            0x08005f97   Thumb Code     2  cpu_core.o(.text)
    CPU_TS_TmrFreqGet                        0x08005f99   Thumb Code    24  cpu_core.o(.text)
    CPU_TS_TmrFreqSet                        0x08005fb1   Thumb Code     6  cpu_core.o(.text)
    CPU_CntLeadZeros08                       0x08005fb7   Thumb Code    10  cpu_core.o(.text)
    CPU_CntLeadZeros16                       0x08005fc1   Thumb Code    10  cpu_core.o(.text)
    CPU_CntLeadZeros32                       0x08005fcb   Thumb Code     4  cpu_core.o(.text)
    CPU_CntLeadZeros64                       0x08005fcf   Thumb Code   152  cpu_core.o(.text)
    CPU_CntTrailZeros08                      0x08006067   Thumb Code    10  cpu_core.o(.text)
    CPU_CntTrailZeros16                      0x08006071   Thumb Code    10  cpu_core.o(.text)
    CPU_CntTrailZeros32                      0x0800607b   Thumb Code    10  cpu_core.o(.text)
    CPU_CntTrailZeros64                      0x08006085   Thumb Code    36  cpu_core.o(.text)
    CPU_IntDis                               0x080060b5   Thumb Code     0  cpu_a.o(.text)
    CPU_IntEn                                0x080060b9   Thumb Code     0  cpu_a.o(.text)
    CPU_SR_Save                              0x080060bd   Thumb Code     0  cpu_a.o(.text)
    CPU_SR_Restore                           0x080060c5   Thumb Code     0  cpu_a.o(.text)
    CPU_WaitForInt                           0x080060cb   Thumb Code     0  cpu_a.o(.text)
    CPU_WaitForExcept                        0x080060cf   Thumb Code     0  cpu_a.o(.text)
    CPU_CntLeadZeros                         0x080060d3   Thumb Code     0  cpu_a.o(.text)
    CPU_CntTrailZeros                        0x080060d9   Thumb Code     0  cpu_a.o(.text)
    CPU_RevBits                              0x080060e3   Thumb Code     0  cpu_a.o(.text)
    ASCII_IsAlpha                            0x080060e9   Thumb Code    22  lib_ascii.o(.text)
    ASCII_IsAlphaNum                         0x080060ff   Thumb Code    28  lib_ascii.o(.text)
    ASCII_IsLower                            0x0800611b   Thumb Code    14  lib_ascii.o(.text)
    ASCII_IsUpper                            0x08006129   Thumb Code    14  lib_ascii.o(.text)
    ASCII_IsDig                              0x08006137   Thumb Code    14  lib_ascii.o(.text)
    ASCII_IsDigOct                           0x08006145   Thumb Code    14  lib_ascii.o(.text)
    ASCII_IsDigHex                           0x08006153   Thumb Code    28  lib_ascii.o(.text)
    ASCII_IsBlank                            0x0800616f   Thumb Code    16  lib_ascii.o(.text)
    ASCII_IsSpace                            0x0800617f   Thumb Code    32  lib_ascii.o(.text)
    ASCII_IsPrint                            0x0800619f   Thumb Code    14  lib_ascii.o(.text)
    ASCII_IsGraph                            0x080061ad   Thumb Code    14  lib_ascii.o(.text)
    ASCII_IsPunct                            0x080061bb   Thumb Code    58  lib_ascii.o(.text)
    ASCII_IsCtrl                             0x080061f5   Thumb Code    22  lib_ascii.o(.text)
    ASCII_ToLower                            0x0800620b   Thumb Code    14  lib_ascii.o(.text)
    ASCII_ToUpper                            0x08006219   Thumb Code    14  lib_ascii.o(.text)
    ASCII_Cmp                                0x08006227   Thumb Code    28  lib_ascii.o(.text)
    Mem_Init                                 0x08006245   Thumb Code    54  lib_mem.o(.text)
    Mem_Set                                  0x0800627b   Thumb Code    62  lib_mem.o(.text)
    Mem_Clr                                  0x080062b9   Thumb Code     6  lib_mem.o(.text)
    Mem_Move                                 0x080062bf   Thumb Code   116  lib_mem.o(.text)
    Mem_Cmp                                  0x08006333   Thumb Code   126  lib_mem.o(.text)
    Mem_HeapAlloc                            0x08006409   Thumb Code   114  lib_mem.o(.text)
    Mem_SegGetSizeRem                        0x0800647b   Thumb Code    60  lib_mem.o(.text)
    Mem_HeapGetSizeRem                       0x080064b7   Thumb Code     8  lib_mem.o(.text)
    Mem_PoolClr                              0x080064bf   Thumb Code    56  lib_mem.o(.text)
    Mem_PoolCreate                           0x080064f7   Thumb Code   582  lib_mem.o(.text)
    Mem_PoolBlkGetNbrAvail                   0x0800673d   Thumb Code    26  lib_mem.o(.text)
    Mem_PoolBlkGet                           0x08006757   Thumb Code    68  lib_mem.o(.text)
    Mem_PoolBlkGetUsedAtIx                   0x0800679b   Thumb Code    62  lib_mem.o(.text)
    Mem_PoolBlkFree                          0x080067d9   Thumb Code   100  lib_mem.o(.text)
    Mem_PoolBlkIxGet                         0x0800683d   Thumb Code   104  lib_mem.o(.text)
    Str_Len_N                                0x080068ad   Thumb Code    22  lib_str.o(.text)
    Str_Len                                  0x080068c3   Thumb Code     6  lib_str.o(.text)
    Str_Copy_N                               0x080068c9   Thumb Code    48  lib_str.o(.text)
    Str_Copy                                 0x080068f9   Thumb Code     6  lib_str.o(.text)
    Str_Cat_N                                0x080068ff   Thumb Code    58  lib_str.o(.text)
    Str_Cat                                  0x08006939   Thumb Code     6  lib_str.o(.text)
    Str_Cmp_N                                0x0800693f   Thumb Code    86  lib_str.o(.text)
    Str_Cmp                                  0x08006995   Thumb Code     6  lib_str.o(.text)
    Str_CmpIgnoreCase_N                      0x0800699b   Thumb Code   146  lib_str.o(.text)
    Str_CmpIgnoreCase                        0x08006a2d   Thumb Code     6  lib_str.o(.text)
    Str_Char_N                               0x08006a33   Thumb Code    46  lib_str.o(.text)
    Str_Char                                 0x08006a61   Thumb Code     8  lib_str.o(.text)
    Str_Char_Last_N                          0x08006a69   Thumb Code    44  lib_str.o(.text)
    Str_Char_Last                            0x08006a95   Thumb Code     8  lib_str.o(.text)
    Str_Char_Replace_N                       0x08006a9d   Thumb Code    40  lib_str.o(.text)
    Str_Char_Replace                         0x08006ac5   Thumb Code     6  lib_str.o(.text)
    Str_Str_N                                0x08006acb   Thumb Code   120  lib_str.o(.text)
    Str_Str                                  0x08006b43   Thumb Code     6  lib_str.o(.text)
    Str_FmtNbr_Int32U                        0x08006ca1   Thumb Code    24  lib_str.o(.text)
    Str_FmtNbr_Int32S                        0x08006cb9   Thumb Code    40  lib_str.o(.text)
    Str_ParseNbr_Int32U                      0x08006e1b   Thumb Code    12  lib_str.o(.text)
    Str_ParseNbr_Int32S                      0x08006e27   Thumb Code    42  lib_str.o(.text)
    Mem_Copy                                 0x08006e55   Thumb Code     0  lib_mem_a.o(.text)
    OSCfg_Init                               0x08007075   Thumb Code     2  os_cfg_app.o(.text)
    OS_IdleTask                              0x08007079   Thumb Code    30  os_core.o(.text)
    OS_IdleTaskInit                          0x08007097   Thumb Code    62  os_core.o(.text)
    OS_RdyListInit                           0x080070d5   Thumb Code    30  os_core.o(.text)
    OSInit                                   0x080070f3   Thumb Code   290  os_core.o(.text)
    OSIntEnter                               0x08007215   Thumb Code    22  os_core.o(.text)
    OSIntExit                                0x0800722b   Thumb Code   100  os_core.o(.text)
    OSSched                                  0x0800728f   Thumb Code    86  os_core.o(.text)
    OS_SchedLockTimeMeasStart                0x080072e5   Thumb Code    20  os_core.o(.text)
    OSSchedLock                              0x080072f9   Thumb Code    72  os_core.o(.text)
    OS_SchedLockTimeMeasStop                 0x08007341   Thumb Code    42  os_core.o(.text)
    OSSchedUnlock                            0x0800736b   Thumb Code    92  os_core.o(.text)
    OSSchedRoundRobinCfg                     0x080073c7   Thumb Code    60  os_core.o(.text)
    OS_RdyListMoveHeadToTail                 0x08007403   Thumb Code    52  os_core.o(.text)
    OSSchedRoundRobinYield                   0x08007437   Thumb Code   264  os_core.o(.text)
    OSStart                                  0x0800753f   Thumb Code    62  os_core.o(.text)
    OSVersion                                0x0800757d   Thumb Code    10  os_core.o(.text)
    OS_PendDbgNameAdd                        0x08007587   Thumb Code    46  os_core.o(.text)
    OS_PendListInsertPrio                    0x080075b5   Thumb Code    90  os_core.o(.text)
    OS_PendDataInit                          0x0800760f   Thumb Code    48  os_core.o(.text)
    OS_RdyListRemove                         0x0800763f   Thumb Code    78  os_core.o(.text)
    OS_TaskBlock                             0x0800768d   Thumb Code    42  os_core.o(.text)
    OS_Pend                                  0x080076b7   Thumb Code    72  os_core.o(.text)
    OS_PendListRemove1                       0x080076ff   Thumb Code    54  os_core.o(.text)
    OS_PendListRemove                        0x08007735   Thumb Code    38  os_core.o(.text)
    OS_PendAbort1                            0x0800775b   Thumb Code    32  os_core.o(.text)
    OS_RdyListInsertHead                     0x0800777b   Thumb Code    52  os_core.o(.text)
    OS_RdyListInsertTail                     0x080077af   Thumb Code    48  os_core.o(.text)
    OS_RdyListInsert                         0x080077df   Thumb Code    38  os_core.o(.text)
    OS_TaskRdy                               0x08007805   Thumb Code    26  os_core.o(.text)
    OS_PendAbort                             0x0800781f   Thumb Code   134  os_core.o(.text)
    OS_PendDbgNameRemove                     0x080078a5   Thumb Code    22  os_core.o(.text)
    OS_PendListChangePrio                    0x080078bb   Thumb Code   112  os_core.o(.text)
    OS_PendListInit                          0x0800792b   Thumb Code    10  os_core.o(.text)
    OS_PendListInsertHead                    0x08007935   Thumb Code    32  os_core.o(.text)
    OS_PendObjDel1                           0x08007955   Thumb Code    32  os_core.o(.text)
    OS_PendObjDel                            0x08007975   Thumb Code   126  os_core.o(.text)
    OS_Post1                                 0x080079f3   Thumb Code    38  os_core.o(.text)
    OS_Post                                  0x08007a19   Thumb Code   152  os_core.o(.text)
    OS_Sched0                                0x08007ab1   Thumb Code    50  os_core.o(.text)
    OS_SchedRoundRobin                       0x08007ae3   Thumb Code    80  os_core.o(.text)
    OS_Dbg_Init                              0x08007b55   Thumb Code     2  os_dbg.o(.text)
    OS_FlagDbgListAdd                        0x08007b59   Thumb Code    26  os_flag.o(.text)
    OSFlagCreate                             0x08007b73   Thumb Code   104  os_flag.o(.text)
    OS_FlagClr                               0x08007bdb   Thumb Code    16  os_flag.o(.text)
    OS_FlagDbgListRemove                     0x08007beb   Thumb Code    36  os_flag.o(.text)
    OSFlagDel                                0x08007c0f   Thumb Code   344  os_flag.o(.text)
    OS_FlagBlock                             0x08007d67   Thumb Code    28  os_flag.o(.text)
    OSFlagPend                               0x08007d83   Thumb Code   584  os_flag.o(.text)
    OSFlagPendAbort                          0x08007fcb   Thumb Code   196  os_flag.o(.text)
    OSFlagPendGetFlagsRdy                    0x0800808f   Thumb Code    44  os_flag.o(.text)
    OS_FlagTaskRdy                           0x080080bb   Thumb Code    68  os_flag.o(.text)
    OS_FlagPost                              0x080080ff   Thumb Code   294  os_flag.o(.text)
    OSFlagPost                               0x08008225   Thumb Code   114  os_flag.o(.text)
    OS_FlagInit                              0x08008297   Thumb Code    14  os_flag.o(.text)
    OS_IntQPost                              0x080082c1   Thumb Code   138  os_int.o(.text)
    OS_IntQRePost                            0x0800834b   Thumb Code   224  os_int.o(.text)
    OS_IntQTask                              0x0800842b   Thumb Code   106  os_int.o(.text)
    OS_IntQTaskInit                          0x08008495   Thumb Code   194  os_int.o(.text)
    OS_MemDbgListAdd                         0x080085e9   Thumb Code    22  os_mem.o(.text)
    OSMemCreate                              0x080085ff   Thumb Code   186  os_mem.o(.text)
    OSMemGet                                 0x080086b9   Thumb Code    60  os_mem.o(.text)
    OSMemPut                                 0x080086f5   Thumb Code    70  os_mem.o(.text)
    OS_MemInit                               0x0800873b   Thumb Code    14  os_mem.o(.text)
    OS_MsgPoolCreate                         0x0800875d   Thumb Code    48  os_msg.o(.text)
    OS_MsgPoolInit                           0x0800878d   Thumb Code    58  os_msg.o(.text)
    OS_MsgQFreeAll                           0x080087c7   Thumb Code    48  os_msg.o(.text)
    OS_MsgQInit                              0x080087f7   Thumb Code    14  os_msg.o(.text)
    OS_MsgQGet                               0x08008805   Thumb Code    82  os_msg.o(.text)
    OS_MsgQPut                               0x08008857   Thumb Code   128  os_msg.o(.text)
    OS_MutexDbgListAdd                       0x080088e5   Thumb Code    26  os_mutex.o(.text)
    OSMutexCreate                            0x080088ff   Thumb Code   112  os_mutex.o(.text)
    OS_MutexClr                              0x0800896f   Thumb Code    24  os_mutex.o(.text)
    OS_MutexDbgListRemove                    0x08008987   Thumb Code    36  os_mutex.o(.text)
    OSMutexDel                               0x080089ab   Thumb Code   470  os_mutex.o(.text)
    OSMutexPend                              0x08008b81   Thumb Code   490  os_mutex.o(.text)
    OSMutexPendAbort                         0x08008d6b   Thumb Code   196  os_mutex.o(.text)
    OSMutexPost                              0x08008e2f   Thumb Code   364  os_mutex.o(.text)
    OS_MutexInit                             0x08008f9b   Thumb Code    14  os_mutex.o(.text)
    OS_PrioInit                              0x08008fc9   Thumb Code    18  os_prio.o(.text)
    OS_PrioGetHighest                        0x08008fdb   Thumb Code    32  os_prio.o(.text)
    OS_PrioInsert                            0x08008ffb   Thumb Code    28  os_prio.o(.text)
    OS_PrioRemove                            0x08009017   Thumb Code    28  os_prio.o(.text)
    OS_QDbgListAdd                           0x08009039   Thumb Code    26  os_q.o(.text)
    OSQCreate                                0x08009053   Thumb Code   118  os_q.o(.text)
    OS_QClr                                  0x080090c9   Thumb Code    40  os_q.o(.text)
    OS_QDbgListRemove                        0x080090f1   Thumb Code    36  os_q.o(.text)
    OSQDel                                   0x08009115   Thumb Code   256  os_q.o(.text)
    OSQFlush                                 0x08009215   Thumb Code   116  os_q.o(.text)
    OSQPend                                  0x08009289   Thumb Code   344  os_q.o(.text)
    OSQPendAbort                             0x080093e1   Thumb Code   236  os_q.o(.text)
    OS_QPost                                 0x080094cd   Thumb Code   194  os_q.o(.text)
    OSQPost                                  0x0800958f   Thumb Code   146  os_q.o(.text)
    OS_QInit                                 0x08009621   Thumb Code    14  os_q.o(.text)
    OS_SemDbgListAdd                         0x08009649   Thumb Code    26  os_sem.o(.text)
    OSSemCreate                              0x08009663   Thumb Code   104  os_sem.o(.text)
    OS_SemClr                                0x080096cb   Thumb Code    22  os_sem.o(.text)
    OS_SemDbgListRemove                      0x080096e1   Thumb Code    36  os_sem.o(.text)
    OSSemDel                                 0x08009705   Thumb Code   256  os_sem.o(.text)
    OSSemPend                                0x08009805   Thumb Code   298  os_sem.o(.text)
    OSSemPendAbort                           0x0800992f   Thumb Code   196  os_sem.o(.text)
    OS_SemPost                               0x080099f3   Thumb Code   202  os_sem.o(.text)
    OSSemPost                                0x08009abd   Thumb Code   114  os_sem.o(.text)
    OSSemSet                                 0x08009b2f   Thumb Code    78  os_sem.o(.text)
    OS_SemInit                               0x08009b7d   Thumb Code    14  os_sem.o(.text)
    OSStatReset                              0x08009b9d   Thumb Code   150  os_stat.o(.text)
    OSStatTaskCPUUsageInit                   0x08009c33   Thumb Code   126  os_stat.o(.text)
    OS_StatTask                              0x08009cb1   Thumb Code   482  os_stat.o(.text)
    OS_StatTaskInit                          0x08009e93   Thumb Code   120  os_stat.o(.text)
    OSTaskChangePrio                         0x08009f9d   Thumb Code   240  os_task.o(.text)
    OS_TaskDbgListAdd                        0x0800a08d   Thumb Code    30  os_task.o(.text)
    OS_TaskInitTCB                           0x0800a0ab   Thumb Code   180  os_task.o(.text)
    OSTaskCreate                             0x0800a15f   Thumb Code   400  os_task.o(.text)
    OS_TaskDbgListRemove                     0x0800a2ef   Thumb Code    50  os_task.o(.text)
    OSTaskDel                                0x0800a321   Thumb Code   310  os_task.o(.text)
    OSTaskQFlush                             0x0800a457   Thumb Code   106  os_task.o(.text)
    OSTaskQPend                              0x0800a4c1   Thumb Code   328  os_task.o(.text)
    OSTaskQPendAbort                         0x0800a609   Thumb Code   140  os_task.o(.text)
    OS_TaskQPost                             0x0800a695   Thumb Code   222  os_task.o(.text)
    OSTaskQPost                              0x0800a773   Thumb Code    96  os_task.o(.text)
    OSTaskRegGet                             0x0800a7d3   Thumb Code    66  os_task.o(.text)
    OSTaskRegGetID                           0x0800a815   Thumb Code    42  os_task.o(.text)
    OSTaskRegSet                             0x0800a83f   Thumb Code    40  os_task.o(.text)
    OS_TaskResume                            0x0800a867   Thumb Code   184  os_task.o(.text)
    OSTaskResume                             0x0800a91f   Thumb Code    78  os_task.o(.text)
    OSTaskSemPend                            0x0800a96d   Thumb Code   300  os_task.o(.text)
    OSTaskSemPendAbort                       0x0800aa99   Thumb Code   148  os_task.o(.text)
    OS_TaskSemPost                           0x0800ab2d   Thumb Code   284  os_task.o(.text)
    OSTaskSemPost                            0x0800ac49   Thumb Code    78  os_task.o(.text)
    OSTaskSemSet                             0x0800ac97   Thumb Code    52  os_task.o(.text)
    OSTaskStkChk                             0x0800accb   Thumb Code   136  os_task.o(.text)
    OS_TaskSuspend                           0x0800ad53   Thumb Code   158  os_task.o(.text)
    OSTaskSuspend                            0x0800adf1   Thumb Code    64  os_task.o(.text)
    OSTaskTimeQuantaSet                      0x0800ae31   Thumb Code    68  os_task.o(.text)
    OS_TaskInit                              0x0800ae75   Thumb Code    18  os_task.o(.text)
    OS_TaskReturn                            0x0800ae87   Thumb Code    20  os_task.o(.text)
    OS_TickListRemove                        0x0800aec9   Thumb Code    54  os_tick.o(.text)
    OS_TickListUpdate                        0x0800aeff   Thumb Code   304  os_tick.o(.text)
    OS_TickTask                              0x0800b02f   Thumb Code    36  os_tick.o(.text)
    OS_TickListInit                          0x0800b053   Thumb Code    34  os_tick.o(.text)
    OS_TickTaskInit                          0x0800b075   Thumb Code   114  os_tick.o(.text)
    OS_TickListInsert                        0x0800b0e7   Thumb Code   202  os_tick.o(.text)
    OS_TickListResetPeak                     0x0800b1b1   Thumb Code    30  os_tick.o(.text)
    OSTimeDly                                0x0800b219   Thumb Code   158  os_time.o(.text)
    OSTimeDlyHMSM                            0x0800b2b7   Thumb Code   308  os_time.o(.text)
    OSTimeDlyResume                          0x0800b3eb   Thumb Code   184  os_time.o(.text)
    OSTimeGet                                0x0800b4a3   Thumb Code    24  os_time.o(.text)
    OSTimeSet                                0x0800b4bb   Thumb Code    24  os_time.o(.text)
    OSTimeTick                               0x0800b4d3   Thumb Code    52  os_time.o(.text)
    OS_TmrDbgListAdd                         0x0800b529   Thumb Code    22  os_tmr.o(.text)
    OSTmrCreate                              0x0800b53f   Thumb Code   168  os_tmr.o(.text)
    OS_TmrClr                                0x0800b5e7   Thumb Code    34  os_tmr.o(.text)
    OS_TmrUnlink                             0x0800b609   Thumb Code    68  os_tmr.o(.text)
    OS_TmrDbgListRemove                      0x0800b64d   Thumb Code    36  os_tmr.o(.text)
    OSTmrDel                                 0x0800b671   Thumb Code   134  os_tmr.o(.text)
    OSTmrRemainGet                           0x0800b6f7   Thumb Code   140  os_tmr.o(.text)
    OS_TmrLink                               0x0800b783   Thumb Code   140  os_tmr.o(.text)
    OSTmrStart                               0x0800b80f   Thumb Code   122  os_tmr.o(.text)
    OSTmrStateGet                            0x0800b889   Thumb Code    86  os_tmr.o(.text)
    OSTmrStop                                0x0800b8df   Thumb Code   226  os_tmr.o(.text)
    OS_TmrTask                               0x0800b9c1   Thumb Code   164  os_tmr.o(.text)
    OS_TmrInit                               0x0800ba65   Thumb Code   174  os_tmr.o(.text)
    OS_TmrResetPeak                          0x0800bb13   Thumb Code    30  os_tmr.o(.text)
    OSIdleTaskHook                           0x0800bb85   Thumb Code    12  os_cpu_c.o(.text)
    OSInitHook                               0x0800bb91   Thumb Code    22  os_cpu_c.o(.text)
    OSStatTaskHook                           0x0800bba7   Thumb Code    12  os_cpu_c.o(.text)
    OSTaskCreateHook                         0x0800bbb3   Thumb Code    12  os_cpu_c.o(.text)
    OSTaskDelHook                            0x0800bbbf   Thumb Code    12  os_cpu_c.o(.text)
    OSTaskReturnHook                         0x0800bbcb   Thumb Code    12  os_cpu_c.o(.text)
    OSTaskStkInit                            0x0800bbd7   Thumb Code    96  os_cpu_c.o(.text)
    OSTaskSwHook                             0x0800bc37   Thumb Code    72  os_cpu_c.o(.text)
    OSTimeTickHook                           0x0800bc7f   Thumb Code    12  os_cpu_c.o(.text)
    OS_CPU_SysTickHandler                    0x0800bc8b   Thumb Code    30  os_cpu_c.o(.text)
    OS_CPU_SysTickInit                       0x0800bca9   Thumb Code    36  os_cpu_c.o(.text)
    __use_no_semihosting                     0x0800bd0d   Thumb Code     2  use_no_semi_2.o(.text)
    __aeabi_uldivmod                         0x0800bd0f   Thumb Code     0  lludivv7m.o(.text)
    _ll_udiv                                 0x0800bd0f   Thumb Code   238  lludivv7m.o(.text)
    __2printf                                0x0800bdfd   Thumb Code    20  noretval__2printf.o(.text)
    __2sprintf                               0x0800be15   Thumb Code    34  noretval__2sprintf.o(.text)
    __printf                                 0x0800be3d   Thumb Code   104  __printf.o(.text)
    _printf_int_dec                          0x0800bea5   Thumb Code   104  _printf_dec.o(.text)
    _printf_int_hex                          0x0800bf1d   Thumb Code    84  _printf_hex_int.o(.text)
    _printf_longlong_hex                     0x0800bf1d   Thumb Code     0  _printf_hex_int.o(.text)
    __use_two_region_memory                  0x0800bf75   Thumb Code     2  heapauxi.o(.text)
    __rt_heap_escrow$2region                 0x0800bf77   Thumb Code     2  heapauxi.o(.text)
    __rt_heap_expand$2region                 0x0800bf79   Thumb Code     2  heapauxi.o(.text)
    __I$use$semihosting                      0x0800bf7b   Thumb Code     0  use_no_semi.o(.text)
    __use_no_semihosting_swi                 0x0800bf7b   Thumb Code     2  use_no_semi.o(.text)
    _printf_int_common                       0x0800bf7d   Thumb Code   178  _printf_intcommon.o(.text)
    _printf_char_common                      0x0800c03b   Thumb Code    32  _printf_char_common.o(.text)
    _sputc                                   0x0800c061   Thumb Code    10  _sputc.o(.text)
    _printf_char_file                        0x0800c06d   Thumb Code    32  _printf_char_file.o(.text)
    ferror                                   0x0800c091   Thumb Code     8  ferror.o(.text)
    __user_setup_stackheap                   0x0800c099   Thumb Code    74  sys_stackheap_outer.o(.text)
    exit                                     0x0800c0e3   Thumb Code    12  exit.o(.text)
    __user_libspace                          0x0800c0f1   Thumb Code     8  libspace.o(.text)
    __user_perproc_libspace                  0x0800c0f1   Thumb Code     0  libspace.o(.text)
    __user_perthread_libspace                0x0800c0f1   Thumb Code     0  libspace.o(.text)
    OSStartHighRdy                           0x0800c0f9   Thumb Code     0  os_cpu_a.o(CODE)
    OSCtxSw                                  0x0800c11b   Thumb Code     0  os_cpu_a.o(CODE)
    OSIntCtxSw                               0x0800c125   Thumb Code     0  os_cpu_a.o(CODE)
    PendSV_Handler                           0x0800c12f   Thumb Code     0  os_cpu_a.o(CODE)
    __aeabi_d2uiz                            0x0800c191   Thumb Code     0  dfixu.o(x$fpl$dfixu)
    _dfixu                                   0x0800c191   Thumb Code    90  dfixu.o(x$fpl$dfixu)
    __aeabi_ui2d                             0x0800c1eb   Thumb Code     0  dflt_clz.o(x$fpl$dfltu)
    _dfltu                                   0x0800c1eb   Thumb Code    38  dflt_clz.o(x$fpl$dfltu)
    __aeabi_dmul                             0x0800c211   Thumb Code     0  dmul.o(x$fpl$dmul)
    _dmul                                    0x0800c211   Thumb Code   332  dmul.o(x$fpl$dmul)
    __fpl_dnaninf                            0x0800c365   Thumb Code   156  dnaninf.o(x$fpl$dnaninf)
    __fpl_dretinf                            0x0800c401   Thumb Code    12  dretinf.o(x$fpl$dretinf)
    __I$use$fp                               0x0800c40c   Number         0  usenofp.o(x$fpl$usenofp)
    asc2_1206                                0x0800c40c   Data        1140  ili93xx.o(.constdata)
    asc2_1608                                0x0800c880   Data        1520  ili93xx.o(.constdata)
    asc2_2412                                0x0800ce70   Data        3420  ili93xx.o(.constdata)
    memtblsize                               0x0800dbcc   Data           8  malloc.o(.constdata)
    memblksize                               0x0800dbd4   Data           8  malloc.o(.constdata)
    memsize                                  0x0800dbdc   Data           8  malloc.o(.constdata)
    OSCfg_StatTaskPrio                       0x0800dd78   Data           1  os_cfg_app.o(.constdata)
    OSCfg_TickTaskPrio                       0x0800dd79   Data           1  os_cfg_app.o(.constdata)
    OSCfg_TmrTaskPrio                        0x0800dd7a   Data           1  os_cfg_app.o(.constdata)
    OSCfg_IntQSize                           0x0800dd7c   Data           2  os_cfg_app.o(.constdata)
    OSCfg_MsgPoolSize                        0x0800dd7e   Data           2  os_cfg_app.o(.constdata)
    OSCfg_TickWheelSize                      0x0800dd80   Data           2  os_cfg_app.o(.constdata)
    OSCfg_TmrWheelSize                       0x0800dd82   Data           2  os_cfg_app.o(.constdata)
    OSCfg_IdleTaskStkBasePtr                 0x0800dd84   Data           4  os_cfg_app.o(.constdata)
    OSCfg_IdleTaskStkLimit                   0x0800dd88   Data           4  os_cfg_app.o(.constdata)
    OSCfg_IdleTaskStkSize                    0x0800dd8c   Data           4  os_cfg_app.o(.constdata)
    OSCfg_IdleTaskStkSizeRAM                 0x0800dd90   Data           4  os_cfg_app.o(.constdata)
    OSCfg_IntQBasePtr                        0x0800dd94   Data           4  os_cfg_app.o(.constdata)
    OSCfg_IntQSizeRAM                        0x0800dd98   Data           4  os_cfg_app.o(.constdata)
    OSCfg_IntQTaskStkBasePtr                 0x0800dd9c   Data           4  os_cfg_app.o(.constdata)
    OSCfg_IntQTaskStkLimit                   0x0800dda0   Data           4  os_cfg_app.o(.constdata)
    OSCfg_IntQTaskStkSize                    0x0800dda4   Data           4  os_cfg_app.o(.constdata)
    OSCfg_IntQTaskStkSizeRAM                 0x0800dda8   Data           4  os_cfg_app.o(.constdata)
    OSCfg_ISRStkBasePtr                      0x0800ddac   Data           4  os_cfg_app.o(.constdata)
    OSCfg_ISRStkSize                         0x0800ddb0   Data           4  os_cfg_app.o(.constdata)
    OSCfg_ISRStkSizeRAM                      0x0800ddb4   Data           4  os_cfg_app.o(.constdata)
    OSCfg_MsgPoolSizeRAM                     0x0800ddb8   Data           4  os_cfg_app.o(.constdata)
    OSCfg_MsgPoolBasePtr                     0x0800ddbc   Data           4  os_cfg_app.o(.constdata)
    OSCfg_StatTaskRate_Hz                    0x0800ddc0   Data           4  os_cfg_app.o(.constdata)
    OSCfg_StatTaskStkBasePtr                 0x0800ddc4   Data           4  os_cfg_app.o(.constdata)
    OSCfg_StatTaskStkLimit                   0x0800ddc8   Data           4  os_cfg_app.o(.constdata)
    OSCfg_StatTaskStkSize                    0x0800ddcc   Data           4  os_cfg_app.o(.constdata)
    OSCfg_StatTaskStkSizeRAM                 0x0800ddd0   Data           4  os_cfg_app.o(.constdata)
    OSCfg_StkSizeMin                         0x0800ddd4   Data           4  os_cfg_app.o(.constdata)
    OSCfg_TickRate_Hz                        0x0800ddd8   Data           4  os_cfg_app.o(.constdata)
    OSCfg_TickTaskStkBasePtr                 0x0800dddc   Data           4  os_cfg_app.o(.constdata)
    OSCfg_TickTaskStkLimit                   0x0800dde0   Data           4  os_cfg_app.o(.constdata)
    OSCfg_TickTaskStkSize                    0x0800dde4   Data           4  os_cfg_app.o(.constdata)
    OSCfg_TickTaskStkSizeRAM                 0x0800dde8   Data           4  os_cfg_app.o(.constdata)
    OSCfg_TickWheelSizeRAM                   0x0800ddec   Data           4  os_cfg_app.o(.constdata)
    OSCfg_TmrTaskRate_Hz                     0x0800ddf0   Data           4  os_cfg_app.o(.constdata)
    OSCfg_TmrTaskStkBasePtr                  0x0800ddf4   Data           4  os_cfg_app.o(.constdata)
    OSCfg_TmrTaskStkLimit                    0x0800ddf8   Data           4  os_cfg_app.o(.constdata)
    OSCfg_TmrTaskStkSize                     0x0800ddfc   Data           4  os_cfg_app.o(.constdata)
    OSCfg_TmrTaskStkSizeRAM                  0x0800de00   Data           4  os_cfg_app.o(.constdata)
    OSCfg_TmrWheelSizeRAM                    0x0800de04   Data           4  os_cfg_app.o(.constdata)
    OSCfg_DataSizeRAM                        0x0800de08   Data           4  os_cfg_app.o(.constdata)
    Region$$Table$$Base                      0x0800de34   Number         0  anon$$obj.o(Region$$Table)
    Region$$Table$$Limit                     0x0800de54   Number         0  anon$$obj.o(Region$$Table)
    tmr1sta                                  0x20000000   Data           1  main.o(.data)
    lcd_discolor                             0x20000004   Data          56  main.o(.data)
    SystemCoreClock                          0x2000003c   Data           4  system_stm32f10x.o(.data)
    AHBPrescTable                            0x20000040   Data          16  system_stm32f10x.o(.data)
    POINT_COLOR                              0x20000050   Data           2  ili93xx.o(.data)
    BACK_COLOR                               0x20000052   Data           2  ili93xx.o(.data)
    USART_RX_STA                             0x2000005a   Data           2  usart.o(.data)
    __stdout                                 0x2000005c   Data           4  usart.o(.data)
    mallco_dev                               0x20000074   Data          28  malloc.o(.data)
    CPU_TS_TmrFreq_Hz                        0x20000090   Data           4  cpu_core.o(.data)
    Mem_PoolTbl                              0x20000094   Data           4  lib_mem.o(.data)
    OSPrioTbl                                0x20000098   Data           8  os_prio.o(.data)
    OS_AppTaskCreateHookPtr                  0x200000a0   Data           4  os_var.o(.data)
    OS_AppTaskDelHookPtr                     0x200000a4   Data           4  os_var.o(.data)
    OS_AppTaskReturnHookPtr                  0x200000a8   Data           4  os_var.o(.data)
    OS_AppIdleTaskHookPtr                    0x200000ac   Data           4  os_var.o(.data)
    OS_AppStatTaskHookPtr                    0x200000b0   Data           4  os_var.o(.data)
    OS_AppTaskSwHookPtr                      0x200000b4   Data           4  os_var.o(.data)
    OS_AppTimeTickHookPtr                    0x200000b8   Data           4  os_var.o(.data)
    OSIdleTaskCtr                            0x200000bc   Data           4  os_var.o(.data)
    OSIntNestingCtr                          0x200000c0   Data           1  os_var.o(.data)
    OSRunning                                0x200000c1   Data           1  os_var.o(.data)
    OSIntQInPtr                              0x200000c4   Data           4  os_var.o(.data)
    OSIntQOutPtr                             0x200000c8   Data           4  os_var.o(.data)
    OSIntQNbrEntries                         0x200000cc   Data           2  os_var.o(.data)
    OSIntQNbrEntriesMax                      0x200000ce   Data           2  os_var.o(.data)
    OSIntQOvfCtr                             0x200000d0   Data           2  os_var.o(.data)
    OSIntQTaskTimeMax                        0x200000d4   Data           4  os_var.o(.data)
    OSFlagDbgListPtr                         0x200000d8   Data           4  os_var.o(.data)
    OSFlagQty                                0x200000dc   Data           2  os_var.o(.data)
    OSMemDbgListPtr                          0x200000e0   Data           4  os_var.o(.data)
    OSMemQty                                 0x200000e4   Data           2  os_var.o(.data)
    OSMutexDbgListPtr                        0x200000e8   Data           4  os_var.o(.data)
    OSMutexQty                               0x200000ec   Data           2  os_var.o(.data)
    OSPrioCur                                0x200000ee   Data           1  os_var.o(.data)
    OSPrioHighRdy                            0x200000ef   Data           1  os_var.o(.data)
    OSPrioSaved                              0x200000f0   Data           1  os_var.o(.data)
    OSQDbgListPtr                            0x200000f4   Data           4  os_var.o(.data)
    OSQQty                                   0x200000f8   Data           2  os_var.o(.data)
    OSSchedLockTimeBegin                     0x200000fc   Data           4  os_var.o(.data)
    OSSchedLockTimeMax                       0x20000100   Data           4  os_var.o(.data)
    OSSchedLockTimeMaxCur                    0x20000104   Data           4  os_var.o(.data)
    OSSchedLockNestingCtr                    0x20000108   Data           1  os_var.o(.data)
    OSSchedRoundRobinDfltTimeQuanta          0x2000010c   Data           4  os_var.o(.data)
    OSSchedRoundRobinEn                      0x20000110   Data           1  os_var.o(.data)
    OSSemDbgListPtr                          0x20000114   Data           4  os_var.o(.data)
    OSSemQty                                 0x20000118   Data           2  os_var.o(.data)
    OSStatResetFlag                          0x2000011a   Data           1  os_var.o(.data)
    OSStatTaskCPUUsage                       0x2000011c   Data           2  os_var.o(.data)
    OSStatTaskCPUUsageMax                    0x2000011e   Data           2  os_var.o(.data)
    OSStatTaskCtr                            0x20000120   Data           4  os_var.o(.data)
    OSStatTaskCtrMax                         0x20000124   Data           4  os_var.o(.data)
    OSStatTaskCtrRun                         0x20000128   Data           4  os_var.o(.data)
    OSStatTaskRdy                            0x2000012c   Data           1  os_var.o(.data)
    OSStatTaskTimeMax                        0x20000130   Data           4  os_var.o(.data)
    OSTaskCtxSwCtr                           0x20000134   Data           4  os_var.o(.data)
    OSTaskDbgListPtr                         0x20000138   Data           4  os_var.o(.data)
    OSTaskQty                                0x2000013c   Data           2  os_var.o(.data)
    OSTaskRegNextAvailID                     0x2000013e   Data           1  os_var.o(.data)
    OSTickCtr                                0x20000140   Data           4  os_var.o(.data)
    OSTickTaskTimeMax                        0x20000144   Data           4  os_var.o(.data)
    OSTmrDbgListPtr                          0x20000148   Data           4  os_var.o(.data)
    OSTmrQty                                 0x2000014c   Data           2  os_var.o(.data)
    OSTmrTaskTimeMax                         0x20000150   Data           4  os_var.o(.data)
    OSTmrTickCtr                             0x20000154   Data           4  os_var.o(.data)
    OSTmrUpdateCnt                           0x20000158   Data           4  os_var.o(.data)
    OSTmrUpdateCtr                           0x2000015c   Data           4  os_var.o(.data)
    OSTCBCurPtr                              0x20000160   Data           4  os_var.o(.data)
    OSTCBHighRdyPtr                          0x20000164   Data           4  os_var.o(.data)
    OS_CPU_ExceptStkBase                     0x20000168   Data           4  os_cpu_c.o(.data)
    StartTaskTCB                             0x2000016c   Data         196  main.o(.bss)
    START_TASK_STK                           0x20000230   Data         512  main.o(.bss)
    Main_TaskTCB                             0x20000430   Data         196  main.o(.bss)
    MAIN_TASK_STK                            0x200004f4   Data         512  main.o(.bss)
    Keyprocess_TaskTCB                       0x200006f4   Data         196  main.o(.bss)
    KEYPROCESS_TASK_STK                      0x200007b8   Data         512  main.o(.bss)
    Msgdis_TaskTCB                           0x200009b8   Data         196  main.o(.bss)
    MSGDIS_TASK_STK                          0x20000a7c   Data         512  main.o(.bss)
    KEY_Msg                                  0x20000c7c   Data          48  main.o(.bss)
    DATA_Msg                                 0x20000cac   Data          48  main.o(.bss)
    tmr1                                     0x20000cdc   Data          52  main.o(.bss)
    lcddev                                   0x20000d10   Data          14  ili93xx.o(.bss)
    USART_RX_BUF                             0x20000d1e   Data         200  usart.o(.bss)
    mem1base                                 0x20000e00   Data       40960  malloc.o(.bss)
    mem1mapbase                              0x2000ae00   Data        2560  malloc.o(.bss)
    CPU_Name                                 0x2000b800   Data          16  cpu_core.o(.bss)
    Mem_PoolHeap                             0x2000b810   Data          72  lib_mem.o(.bss)
    Mem_Heap                                 0x2000b858   Data        1024  lib_mem.o(.bss)
    OSCfg_IdleTaskStk                        0x2000bc58   Data         512  os_cfg_app.o(.bss)
    OSCfg_IntQ                               0x2000be58   Data         320  os_cfg_app.o(.bss)
    OSCfg_IntQTaskStk                        0x2000bf98   Data         512  os_cfg_app.o(.bss)
    OSCfg_ISRStk                             0x2000c198   Data         512  os_cfg_app.o(.bss)
    OSCfg_MsgPool                            0x2000c398   Data        1600  os_cfg_app.o(.bss)
    OSCfg_StatTaskStk                        0x2000c9d8   Data         512  os_cfg_app.o(.bss)
    OSCfg_TickTaskStk                        0x2000cbd8   Data         512  os_cfg_app.o(.bss)
    OSCfg_TickWheel                          0x2000cdd8   Data         136  os_cfg_app.o(.bss)
    OSCfg_TmrTaskStk                         0x2000ce60   Data         512  os_cfg_app.o(.bss)
    OSCfg_TmrWheel                           0x2000d060   Data         136  os_cfg_app.o(.bss)
    OSIdleTaskTCB                            0x2000d0e8   Data         196  os_var.o(.bss)
    OSIntQTaskTCB                            0x2000d1ac   Data         196  os_var.o(.bss)
    OSMsgPool                                0x2000d270   Data          12  os_var.o(.bss)
    OSRdyList                                0x2000d27c   Data         768  os_var.o(.bss)
    OSStatTaskTCB                            0x2000d57c   Data         196  os_var.o(.bss)
    OSTickTaskTCB                            0x2000d640   Data         196  os_var.o(.bss)
    OSTmrTaskTCB                             0x2000d704   Data         196  os_var.o(.bss)
    __libspace_start                         0x2000d7c8   Data          96  libspace.o(.bss)
    __temporary_stack_top$libspace           0x2000d828   Data           0  libspace.o(.bss)
    mem2base                                 0x68000000   Data       983040  malloc.o(.ARM.__AT_0x68000000)
    mem2mapbase                              0x680f0000   Data       61440  malloc.o(.ARM.__AT_0x680F0000)



==============================================================================

Memory Map of the image

  Image Entry point : 0x08000131

  Load Region LR_IROM1 (Base: 0x08000000, Size: 0x0000dfc0, Max: 0x00080000, ABSOLUTE, COMPRESSED[0x0000dea8])

    Execution Region ER_IROM1 (Base: 0x08000000, Size: 0x0000de54, Max: 0x00080000, ABSOLUTE)

    Base Addr    Size         Type   Attr      Idx    E Section Name        Object

    0x08000000   0x00000130   Data   RO          365    RESET               startup_stm32f10x_hd.o
    0x08000130   0x00000008   Code   RO          989  * !!!main             c_w.l(__main.o)
    0x08000138   0x00000034   Code   RO         1187    !!!scatter          c_w.l(__scatter.o)
    0x0800016c   0x0000005a   Code   RO         1185    !!dczerorl2         c_w.l(__dczerorl2.o)
    0x080001c6   0x00000002   PAD
    0x080001c8   0x0000001c   Code   RO         1189    !!handler_zi        c_w.l(__scatter_zi.o)
    0x080001e4   0x00000000   Code   RO          986    .ARM.Collect$$_printf_percent$$00000000  c_w.l(_printf_percent.o)
    0x080001e4   0x00000006   Code   RO          985    .ARM.Collect$$_printf_percent$$00000009  c_w.l(_printf_d.o)
    0x080001ea   0x00000006   Code   RO          984    .ARM.Collect$$_printf_percent$$0000000C  c_w.l(_printf_x.o)
    0x080001f0   0x00000004   Code   RO         1018    .ARM.Collect$$_printf_percent$$00000017  c_w.l(_printf_percent_end.o)
    0x080001f4   0x00000002   Code   RO         1060    .ARM.Collect$$libinit$$00000000  c_w.l(libinit.o)
    0x080001f6   0x00000000   Code   RO         1073    .ARM.Collect$$libinit$$00000002  c_w.l(libinit2.o)
    0x080001f6   0x00000000   Code   RO         1075    .ARM.Collect$$libinit$$00000004  c_w.l(libinit2.o)
    0x080001f6   0x00000000   Code   RO         1078    .ARM.Collect$$libinit$$0000000A  c_w.l(libinit2.o)
    0x080001f6   0x00000000   Code   RO         1080    .ARM.Collect$$libinit$$0000000C  c_w.l(libinit2.o)
    0x080001f6   0x00000000   Code   RO         1082    .ARM.Collect$$libinit$$0000000E  c_w.l(libinit2.o)
    0x080001f6   0x00000000   Code   RO         1085    .ARM.Collect$$libinit$$00000011  c_w.l(libinit2.o)
    0x080001f6   0x00000000   Code   RO         1087    .ARM.Collect$$libinit$$00000013  c_w.l(libinit2.o)
    0x080001f6   0x00000000   Code   RO         1089    .ARM.Collect$$libinit$$00000015  c_w.l(libinit2.o)
    0x080001f6   0x00000000   Code   RO         1091    .ARM.Collect$$libinit$$00000017  c_w.l(libinit2.o)
    0x080001f6   0x00000000   Code   RO         1093    .ARM.Collect$$libinit$$00000019  c_w.l(libinit2.o)
    0x080001f6   0x00000000   Code   RO         1095    .ARM.Collect$$libinit$$0000001B  c_w.l(libinit2.o)
    0x080001f6   0x00000000   Code   RO         1097    .ARM.Collect$$libinit$$0000001D  c_w.l(libinit2.o)
    0x080001f6   0x00000000   Code   RO         1099    .ARM.Collect$$libinit$$0000001F  c_w.l(libinit2.o)
    0x080001f6   0x00000000   Code   RO         1101    .ARM.Collect$$libinit$$00000021  c_w.l(libinit2.o)
    0x080001f6   0x00000000   Code   RO         1103    .ARM.Collect$$libinit$$00000023  c_w.l(libinit2.o)
    0x080001f6   0x00000000   Code   RO         1105    .ARM.Collect$$libinit$$00000025  c_w.l(libinit2.o)
    0x080001f6   0x00000000   Code   RO         1109    .ARM.Collect$$libinit$$0000002C  c_w.l(libinit2.o)
    0x080001f6   0x00000000   Code   RO         1111    .ARM.Collect$$libinit$$0000002E  c_w.l(libinit2.o)
    0x080001f6   0x00000000   Code   RO         1113    .ARM.Collect$$libinit$$00000030  c_w.l(libinit2.o)
    0x080001f6   0x00000000   Code   RO         1115    .ARM.Collect$$libinit$$00000032  c_w.l(libinit2.o)
    0x080001f6   0x00000002   Code   RO         1116    .ARM.Collect$$libinit$$00000033  c_w.l(libinit2.o)
    0x080001f8   0x00000002   Code   RO         1142    .ARM.Collect$$libshutdown$$00000000  c_w.l(libshutdown.o)
    0x080001fa   0x00000000   Code   RO         1170    .ARM.Collect$$libshutdown$$00000003  c_w.l(libshutdown2.o)
    0x080001fa   0x00000000   Code   RO         1173    .ARM.Collect$$libshutdown$$00000006  c_w.l(libshutdown2.o)
    0x080001fa   0x00000000   Code   RO         1176    .ARM.Collect$$libshutdown$$00000009  c_w.l(libshutdown2.o)
    0x080001fa   0x00000000   Code   RO         1178    .ARM.Collect$$libshutdown$$0000000B  c_w.l(libshutdown2.o)
    0x080001fa   0x00000000   Code   RO         1181    .ARM.Collect$$libshutdown$$0000000E  c_w.l(libshutdown2.o)
    0x080001fa   0x00000002   Code   RO         1182    .ARM.Collect$$libshutdown$$0000000F  c_w.l(libshutdown2.o)
    0x080001fc   0x00000000   Code   RO         1005    .ARM.Collect$$rtentry$$00000000  c_w.l(__rtentry.o)
    0x080001fc   0x00000000   Code   RO         1025    .ARM.Collect$$rtentry$$00000002  c_w.l(__rtentry2.o)
    0x080001fc   0x00000006   Code   RO         1037    .ARM.Collect$$rtentry$$00000004  c_w.l(__rtentry4.o)
    0x08000202   0x00000000   Code   RO         1027    .ARM.Collect$$rtentry$$00000009  c_w.l(__rtentry2.o)
    0x08000202   0x00000004   Code   RO         1028    .ARM.Collect$$rtentry$$0000000A  c_w.l(__rtentry2.o)
    0x08000206   0x00000000   Code   RO         1030    .ARM.Collect$$rtentry$$0000000C  c_w.l(__rtentry2.o)
    0x08000206   0x00000008   Code   RO         1031    .ARM.Collect$$rtentry$$0000000D  c_w.l(__rtentry2.o)
    0x0800020e   0x00000002   Code   RO         1064    .ARM.Collect$$rtexit$$00000000  c_w.l(rtexit.o)
    0x08000210   0x00000000   Code   RO         1118    .ARM.Collect$$rtexit$$00000002  c_w.l(rtexit2.o)
    0x08000210   0x00000004   Code   RO         1119    .ARM.Collect$$rtexit$$00000003  c_w.l(rtexit2.o)
    0x08000214   0x00000006   Code   RO         1120    .ARM.Collect$$rtexit$$00000004  c_w.l(rtexit2.o)
    0x0800021a   0x00000002   PAD
    0x0800021c   0x00000684   Code   RO            1    .text               main.o
    0x080008a0   0x0000000e   Code   RO          162    .text               stm32f10x_it.o
    0x080008ae   0x00000002   PAD
    0x080008b0   0x00000158   Code   RO          194    .text               system_stm32f10x.o
    0x08000a08   0x00000050   Code   RO          212    .text               led.o
    0x08000a58   0x00004458   Code   RO          224    .text               ili93xx.o
    0x08004eb0   0x00000120   Code   RO          255    .text               key.o
    0x08004fd0   0x00000160   Code   RO          268    .text               sram.o
    0x08005130   0x00000038   Code   RO          285    .text               beep.o
    0x08005168   0x00000118   Code   RO          297    .text               delay.o
    0x08005280   0x00000120   Code   RO          329    .text               usart.o
    0x080053a0   0x00000040   Code   RO          366    .text               startup_stm32f10x_hd.o
    0x080053e0   0x000000b0   Code   RO          370    .text               misc.o
    0x08005490   0x00000264   Code   RO          382    .text               stm32f10x_gpio.o
    0x080056f4   0x00000328   Code   RO          394    .text               stm32f10x_usart.o
    0x08005a1c   0x000002b8   Code   RO          406    .text               stm32f10x_rcc.o
    0x08005cd4   0x000001bc   Code   RO          420    .text               malloc.o
    0x08005e90   0x00000068   Code   RO          444    .text               bsp.o
    0x08005ef8   0x000001bc   Code   RO          460    .text               cpu_core.o
    0x080060b4   0x00000034   Code   RO          500    .text               cpu_a.o
    0x080060e8   0x0000015a   Code   RO          503    .text               lib_ascii.o
    0x08006242   0x00000002   PAD
    0x08006244   0x00000668   Code   RO          538    .text               lib_mem.o
    0x080068ac   0x000005a8   Code   RO          557    .text               lib_str.o
    0x08006e54   0x00000220   Code   RO          575    .text               lib_mem_a.o
    0x08007074   0x00000002   Code   RO          578    .text               os_cfg_app.o
    0x08007076   0x00000002   PAD
    0x08007078   0x00000adc   Code   RO          610    .text               os_core.o
    0x08007b54   0x00000002   Code   RO          623    .text               os_dbg.o
    0x08007b56   0x00000002   PAD
    0x08007b58   0x00000768   Code   RO          639    .text               os_flag.o
    0x080082c0   0x00000328   Code   RO          652    .text               os_int.o
    0x080085e8   0x00000174   Code   RO          664    .text               os_mem.o
    0x0800875c   0x00000188   Code   RO          676    .text               os_msg.o
    0x080088e4   0x000006e4   Code   RO          688    .text               os_mutex.o
    0x08008fc8   0x00000070   Code   RO          707    .text               os_prio.o
    0x08009038   0x00000610   Code   RO          726    .text               os_q.o
    0x08009648   0x00000554   Code   RO          739    .text               os_sem.o
    0x08009b9c   0x00000400   Code   RO          752    .text               os_stat.o
    0x08009f9c   0x00000f2c   Code   RO          764    .text               os_task.o
    0x0800aec8   0x00000350   Code   RO          776    .text               os_tick.o
    0x0800b218   0x00000310   Code   RO          789    .text               os_time.o
    0x0800b528   0x0000065c   Code   RO          801    .text               os_tmr.o
    0x0800bb84   0x00000188   Code   RO          892    .text               os_cpu_c.o
    0x0800bd0c   0x00000002   Code   RO          927    .text               c_w.l(use_no_semi_2.o)
    0x0800bd0e   0x000000ee   Code   RO          929    .text               c_w.l(lludivv7m.o)
    0x0800bdfc   0x00000018   Code   RO          935    .text               c_w.l(noretval__2printf.o)
    0x0800be14   0x00000028   Code   RO          937    .text               c_w.l(noretval__2sprintf.o)
    0x0800be3c   0x00000068   Code   RO          939    .text               c_w.l(__printf.o)
    0x0800bea4   0x00000078   Code   RO          941    .text               c_w.l(_printf_dec.o)
    0x0800bf1c   0x00000058   Code   RO          946    .text               c_w.l(_printf_hex_int.o)
    0x0800bf74   0x00000006   Code   RO          987    .text               c_w.l(heapauxi.o)
    0x0800bf7a   0x00000002   Code   RO         1003    .text               c_w.l(use_no_semi.o)
    0x0800bf7c   0x000000b2   Code   RO         1010    .text               c_w.l(_printf_intcommon.o)
    0x0800c02e   0x00000002   PAD
    0x0800c030   0x00000030   Code   RO         1012    .text               c_w.l(_printf_char_common.o)
    0x0800c060   0x0000000a   Code   RO         1014    .text               c_w.l(_sputc.o)
    0x0800c06a   0x00000002   PAD
    0x0800c06c   0x00000024   Code   RO         1016    .text               c_w.l(_printf_char_file.o)
    0x0800c090   0x00000008   Code   RO         1043    .text               c_w.l(ferror.o)
    0x0800c098   0x0000004a   Code   RO         1047    .text               c_w.l(sys_stackheap_outer.o)
    0x0800c0e2   0x0000000c   Code   RO         1049    .text               c_w.l(exit.o)
    0x0800c0ee   0x00000002   PAD
    0x0800c0f0   0x00000008   Code   RO         1061    .text               c_w.l(libspace.o)
    0x0800c0f8   0x00000098   Code   RO          889    CODE                os_cpu_a.o
    0x0800c190   0x0000005a   Code   RO          991    x$fpl$dfixu         fz_ws.l(dfixu.o)
    0x0800c1ea   0x00000026   Code   RO          995    x$fpl$dfltu         fz_ws.l(dflt_clz.o)
    0x0800c210   0x00000154   Code   RO         1001    x$fpl$dmul          fz_ws.l(dmul.o)
    0x0800c364   0x0000009c   Code   RO         1019    x$fpl$dnaninf       fz_ws.l(dnaninf.o)
    0x0800c400   0x0000000c   Code   RO         1021    x$fpl$dretinf       fz_ws.l(dretinf.o)
    0x0800c40c   0x00000000   Code   RO         1023    x$fpl$usenofp       fz_ws.l(usenofp.o)
    0x0800c40c   0x000017c0   Data   RO          226    .constdata          ili93xx.o
    0x0800dbcc   0x00000018   Data   RO          425    .constdata          malloc.o
    0x0800dbe4   0x00000100   Data   RO          462    .constdata          cpu_core.o
    0x0800dce4   0x00000094   Data   RO          558    .constdata          lib_str.o
    0x0800dd78   0x00000094   Data   RO          589    .constdata          os_cfg_app.o
    0x0800de0c   0x00000028   Data   RO          947    .constdata          c_w.l(_printf_hex_int.o)
    0x0800de34   0x00000020   Data   RO         1183    Region$$Table       anon$$obj.o


    Execution Region RW_IRAM1 (Base: 0x20000000, Size: 0x0000de28, Max: 0x00010000, ABSOLUTE, COMPRESSED[0x00000054])

    Base Addr    Size         Type   Attr      Idx    E Section Name        Object

    0x20000000   0x0000003c   Data   RW            3    .data               main.o
    0x2000003c   0x00000014   Data   RW          195    .data               system_stm32f10x.o
    0x20000050   0x00000004   Data   RW          227    .data               ili93xx.o
    0x20000054   0x00000001   Data   RW          256    .data               key.o
    0x20000055   0x00000001   PAD
    0x20000056   0x00000004   Data   RW          298    .data               delay.o
    0x2000005a   0x00000002   Data   RW          331    .data               usart.o
    0x2000005c   0x00000004   Data   RW          332    .data               usart.o
    0x20000060   0x00000014   Data   RW          407    .data               stm32f10x_rcc.o
    0x20000074   0x0000001c   Data   RW          426    .data               malloc.o
    0x20000090   0x00000004   Data   RW          464    .data               cpu_core.o
    0x20000094   0x00000004   Data   RW          540    .data               lib_mem.o
    0x20000098   0x00000008   Data   RW          708    .data               os_prio.o
    0x200000a0   0x00000004   Data   RW          820    .data               os_var.o
    0x200000a4   0x00000004   Data   RW          821    .data               os_var.o
    0x200000a8   0x00000004   Data   RW          822    .data               os_var.o
    0x200000ac   0x00000004   Data   RW          823    .data               os_var.o
    0x200000b0   0x00000004   Data   RW          824    .data               os_var.o
    0x200000b4   0x00000004   Data   RW          825    .data               os_var.o
    0x200000b8   0x00000004   Data   RW          826    .data               os_var.o
    0x200000bc   0x00000004   Data   RW          827    .data               os_var.o
    0x200000c0   0x00000001   Data   RW          828    .data               os_var.o
    0x200000c1   0x00000001   Data   RW          829    .data               os_var.o
    0x200000c2   0x00000002   PAD
    0x200000c4   0x00000004   Data   RW          830    .data               os_var.o
    0x200000c8   0x00000004   Data   RW          831    .data               os_var.o
    0x200000cc   0x00000002   Data   RW          832    .data               os_var.o
    0x200000ce   0x00000002   Data   RW          833    .data               os_var.o
    0x200000d0   0x00000002   Data   RW          834    .data               os_var.o
    0x200000d2   0x00000002   PAD
    0x200000d4   0x00000004   Data   RW          835    .data               os_var.o
    0x200000d8   0x00000004   Data   RW          836    .data               os_var.o
    0x200000dc   0x00000002   Data   RW          837    .data               os_var.o
    0x200000de   0x00000002   PAD
    0x200000e0   0x00000004   Data   RW          838    .data               os_var.o
    0x200000e4   0x00000002   Data   RW          839    .data               os_var.o
    0x200000e6   0x00000002   PAD
    0x200000e8   0x00000004   Data   RW          840    .data               os_var.o
    0x200000ec   0x00000002   Data   RW          841    .data               os_var.o
    0x200000ee   0x00000001   Data   RW          842    .data               os_var.o
    0x200000ef   0x00000001   Data   RW          843    .data               os_var.o
    0x200000f0   0x00000001   Data   RW          844    .data               os_var.o
    0x200000f1   0x00000003   PAD
    0x200000f4   0x00000004   Data   RW          845    .data               os_var.o
    0x200000f8   0x00000002   Data   RW          846    .data               os_var.o
    0x200000fa   0x00000002   PAD
    0x200000fc   0x00000004   Data   RW          847    .data               os_var.o
    0x20000100   0x00000004   Data   RW          848    .data               os_var.o
    0x20000104   0x00000004   Data   RW          849    .data               os_var.o
    0x20000108   0x00000001   Data   RW          850    .data               os_var.o
    0x20000109   0x00000003   PAD
    0x2000010c   0x00000004   Data   RW          851    .data               os_var.o
    0x20000110   0x00000001   Data   RW          852    .data               os_var.o
    0x20000111   0x00000003   PAD
    0x20000114   0x00000004   Data   RW          853    .data               os_var.o
    0x20000118   0x00000002   Data   RW          854    .data               os_var.o
    0x2000011a   0x00000001   Data   RW          855    .data               os_var.o
    0x2000011b   0x00000001   PAD
    0x2000011c   0x00000002   Data   RW          856    .data               os_var.o
    0x2000011e   0x00000002   Data   RW          857    .data               os_var.o
    0x20000120   0x00000004   Data   RW          858    .data               os_var.o
    0x20000124   0x00000004   Data   RW          859    .data               os_var.o
    0x20000128   0x00000004   Data   RW          860    .data               os_var.o
    0x2000012c   0x00000001   Data   RW          861    .data               os_var.o
    0x2000012d   0x00000003   PAD
    0x20000130   0x00000004   Data   RW          862    .data               os_var.o
    0x20000134   0x00000004   Data   RW          863    .data               os_var.o
    0x20000138   0x00000004   Data   RW          864    .data               os_var.o
    0x2000013c   0x00000002   Data   RW          865    .data               os_var.o
    0x2000013e   0x00000001   Data   RW          866    .data               os_var.o
    0x2000013f   0x00000001   PAD
    0x20000140   0x00000004   Data   RW          867    .data               os_var.o
    0x20000144   0x00000004   Data   RW          868    .data               os_var.o
    0x20000148   0x00000004   Data   RW          869    .data               os_var.o
    0x2000014c   0x00000002   Data   RW          870    .data               os_var.o
    0x2000014e   0x00000002   PAD
    0x20000150   0x00000004   Data   RW          871    .data               os_var.o
    0x20000154   0x00000004   Data   RW          872    .data               os_var.o
    0x20000158   0x00000004   Data   RW          873    .data               os_var.o
    0x2000015c   0x00000004   Data   RW          874    .data               os_var.o
    0x20000160   0x00000004   Data   RW          875    .data               os_var.o
    0x20000164   0x00000004   Data   RW          876    .data               os_var.o
    0x20000168   0x00000004   Data   RW          893    .data               os_cpu_c.o
    0x2000016c   0x00000ba4   Zero   RW            2    .bss                main.o
    0x20000d10   0x0000000e   Zero   RW          225    .bss                ili93xx.o
    0x20000d1e   0x000000c8   Zero   RW          330    .bss                usart.o
    0x20000de6   0x0000001a   PAD
    0x20000e00   0x0000a000   Zero   RW          423    .bss                malloc.o
    0x2000ae00   0x00000a00   Zero   RW          424    .bss                malloc.o
    0x2000b800   0x00000010   Zero   RW          461    .bss                cpu_core.o
    0x2000b810   0x00000448   Zero   RW          539    .bss                lib_mem.o
    0x2000bc58   0x00000200   Zero   RW          579    .bss                os_cfg_app.o
    0x2000be58   0x00000140   Zero   RW          580    .bss                os_cfg_app.o
    0x2000bf98   0x00000200   Zero   RW          581    .bss                os_cfg_app.o
    0x2000c198   0x00000200   Zero   RW          582    .bss                os_cfg_app.o
    0x2000c398   0x00000640   Zero   RW          583    .bss                os_cfg_app.o
    0x2000c9d8   0x00000200   Zero   RW          584    .bss                os_cfg_app.o
    0x2000cbd8   0x00000200   Zero   RW          585    .bss                os_cfg_app.o
    0x2000cdd8   0x00000088   Zero   RW          586    .bss                os_cfg_app.o
    0x2000ce60   0x00000200   Zero   RW          587    .bss                os_cfg_app.o
    0x2000d060   0x00000088   Zero   RW          588    .bss                os_cfg_app.o
    0x2000d0e8   0x000000c4   Zero   RW          813    .bss                os_var.o
    0x2000d1ac   0x000000c4   Zero   RW          814    .bss                os_var.o
    0x2000d270   0x0000000c   Zero   RW          815    .bss                os_var.o
    0x2000d27c   0x00000300   Zero   RW          816    .bss                os_var.o
    0x2000d57c   0x000000c4   Zero   RW          817    .bss                os_var.o
    0x2000d640   0x000000c4   Zero   RW          818    .bss                os_var.o
    0x2000d704   0x000000c4   Zero   RW          819    .bss                os_var.o
    0x2000d7c8   0x00000060   Zero   RW         1062    .bss                c_w.l(libspace.o)
    0x2000d828   0x00000200   Zero   RW          364    HEAP                startup_stm32f10x_hd.o
    0x2000da28   0x00000400   Zero   RW          363    STACK               startup_stm32f10x_hd.o



  Load Region LR$$.ARM.__AT_0x68000000 (Base: 0x68000000, Size: 0x00000000, Max: 0x000f0000, ABSOLUTE)

    Execution Region ER$$.ARM.__AT_0x68000000 (Base: 0x68000000, Size: 0x000f0000, Max: 0x000f0000, ABSOLUTE, UNINIT)

    Base Addr    Size         Type   Attr      Idx    E Section Name        Object

    0x68000000   0x000f0000   Zero   RW          421    .ARM.__AT_0x68000000  malloc.o



  Load Region LR$$.ARM.__AT_0x680F0000 (Base: 0x680f0000, Size: 0x00000000, Max: 0x0000f000, ABSOLUTE)

    Execution Region ER$$.ARM.__AT_0x680F0000 (Base: 0x680f0000, Size: 0x0000f000, Max: 0x0000f000, ABSOLUTE, UNINIT)

    Base Addr    Size         Type   Attr      Idx    E Section Name        Object

    0x680f0000   0x0000f000   Zero   RW          422    .ARM.__AT_0x680F0000  malloc.o


==============================================================================

Image component sizes


      Code (inc. data)   RO Data    RW Data    ZI Data      Debug   Object Name

        56          6          0          0          0        524   beep.o
       104         12          0          0          0       1769   bsp.o
        52          0          0          0          0        352   cpu_a.o
       444         12        256          4         16      13817   cpu_core.o
       280         28          0          4          0       2403   delay.o
     17496        132       6080          4         14      20476   ili93xx.o
       288         18          0          1          0        940   key.o
        80          8          0          0          0        531   led.o
       346          0          0          0          0       4022   lib_ascii.o
      1640         26          0          4       1096      18628   lib_mem.o
       544          0          0          0          0        496   lib_mem_a.o
      1448          4        148          0          0       8900   lib_str.o
      1668        376          0         60       2980     276486   main.o
       444          8         24         28    1088000       4082   malloc.o
       176         14          0          0          0       1769   misc.o
         2          0        148          0       5264      20962   os_cfg_app.o
      2780        268          0          0          0      10475   os_core.o
       152         32          0          0          0        408   os_cpu_a.o
       392         64          0          4          0       3573   os_cpu_c.o
         2          0          0          0          0        490   os_dbg.o
      1896         80          0          0          0       5689   os_flag.o
       808        146          0          0          0       2116   os_int.o
       372         20          0          0          0       2156   os_mem.o
       392         14          0          0          0       2403   os_msg.o
      1764         92          0          0          0       4380   os_mutex.o
       112          6          0          8          0       1764   os_prio.o
      1552         66          0          0          0       4874   os_q.o
      1364         58          0          0          0       4722   os_sem.o
      1024        146          0          0          0       2429   os_stat.o
      3884        216          0          0          0      10698   os_task.o
       848         82          0          0          0       3039   os_tick.o
       784         42          0          0          0       2801   os_time.o
      1628        128          0          0          0       5338   os_tmr.o
         0          0          0        174       1760      19413   os_var.o
       352         38          0          0          0       1735   sram.o
        64         26        304          0       1536        808   startup_stm32f10x_hd.o
       612         36          0          0          0       5041   stm32f10x_gpio.o
        14          0          0          0          0       1003   stm32f10x_it.o
       696         32          0         20          0       8196   stm32f10x_rcc.o
       808         22          0          0          0       7372   stm32f10x_usart.o
         0          0          0          0          0         32   sys.o
       344         34          0         20          0       1823   system_stm32f10x.o
       288         18          0          6        200       3250   usart.o

    ----------------------------------------------------------------------
     48008       2310       6992        364    1100892     492185   Object Totals
         0          0         32          0          0          0   (incl. Generated)
         8          0          0         27         26          0   (incl. Padding)

    ----------------------------------------------------------------------

      Code (inc. data)   RO Data    RW Data    ZI Data      Debug   Library Member Name

        90          0          0          0          0          0   __dczerorl2.o
         8          0          0          0          0         68   __main.o
       104          0          0          0          0         84   __printf.o
         0          0          0          0          0          0   __rtentry.o
        12          0          0          0          0          0   __rtentry2.o
         6          0          0          0          0          0   __rtentry4.o
        52          8          0          0          0          0   __scatter.o
        28          0          0          0          0          0   __scatter_zi.o
        48          6          0          0          0         96   _printf_char_common.o
        36          4          0          0          0         80   _printf_char_file.o
         6          0          0          0          0          0   _printf_d.o
       120         16          0          0          0         92   _printf_dec.o
        88          4         40          0          0         88   _printf_hex_int.o
       178          0          0          0          0         88   _printf_intcommon.o
         0          0          0          0          0          0   _printf_percent.o
         4          0          0          0          0          0   _printf_percent_end.o
         6          0          0          0          0          0   _printf_x.o
        10          0          0          0          0         68   _sputc.o
        12          0          0          0          0         72   exit.o
         8          0          0          0          0         68   ferror.o
         6          0          0          0          0        152   heapauxi.o
         2          0          0          0          0          0   libinit.o
         2          0          0          0          0          0   libinit2.o
         2          0          0          0          0          0   libshutdown.o
         2          0          0          0          0          0   libshutdown2.o
         8          4          0          0         96         68   libspace.o
       238          0          0          0          0        100   lludivv7m.o
        24          4          0          0          0         84   noretval__2printf.o
        40          6          0          0          0         84   noretval__2sprintf.o
         2          0          0          0          0          0   rtexit.o
        10          0          0          0          0          0   rtexit2.o
        74          0          0          0          0         80   sys_stackheap_outer.o
         2          0          0          0          0         68   use_no_semi.o
         2          0          0          0          0         68   use_no_semi_2.o
        90          4          0          0          0         92   dfixu.o
        38          0          0          0          0         68   dflt_clz.o
       340         12          0          0          0        104   dmul.o
       156          4          0          0          0         92   dnaninf.o
        12          0          0          0          0         68   dretinf.o
         0          0          0          0          0          0   usenofp.o

    ----------------------------------------------------------------------
      1876         72         40          0         96       1932   Library Totals
        10          0          0          0          0          0   (incl. Padding)

    ----------------------------------------------------------------------

      Code (inc. data)   RO Data    RW Data    ZI Data      Debug   Library Name

      1230         52         40          0         96       1508   c_w.l
       636         20          0          0          0        424   fz_ws.l

    ----------------------------------------------------------------------
      1876         72         40          0         96       1932   Library Totals

    ----------------------------------------------------------------------

==============================================================================


      Code (inc. data)   RO Data    RW Data    ZI Data      Debug   

     49884       2382       7032        364    1100988     488601   Grand Totals
     49884       2382       7032         84    1100988     488601   ELF Image Totals (compressed)
     49884       2382       7032         84          0          0   ROM Totals

==============================================================================

    Total RO  Size (Code + RO Data)                56916 (  55.58kB)
    Total RW  Size (RW Data + ZI Data)           1101352 (1075.54kB)
    Total ROM Size (Code + RO Data + RW Data)      57000 (  55.66kB)

==============================================================================

